Component: ARM Compiler 5.06 update 4 (build 422) Tool: armlink [4d35d2]

==============================================================================

Section Cross References

    main.o(.text) refers to delay.o(.text) for delay_init
    main.o(.text) refers to key.o(.text) for KEY_Init
    main.o(.text) refers to oled.o(.text) for OLED_Init
    main.o(.text) refers to mpu6050.o(.text) for MPU_Init
    main.o(.text) refers to inv_mpu.o(.text) for mpu_dmp_init
    main.o(.text) refers to ds18b20.o(.text) for DS18B20_Init
    main.o(.text) refers to motor_pid.o(.text) for MotorPID_Struct_Init
    main.o(.text) refers to timer.o(.text) for TIM3_GetData_Init
    main.o(.text) refers to pwm.o(.text) for TIM5_PWM_Init
    main.o(.text) refers to motor_control.o(.text) for Motor_Init
    main.o(.text) refers to main.o(.data) for mode
    system_stm32f4xx.o(.text) refers to system_stm32f4xx.o(.data) for SystemCoreClock
    startup_stm32f40_41xxx.o(STACK) refers (Special) to heapauxi.o(.text) for __use_two_region_memory
    startup_stm32f40_41xxx.o(HEAP) refers (Special) to heapauxi.o(.text) for __use_two_region_memory
    startup_stm32f40_41xxx.o(RESET) refers (Special) to heapauxi.o(.text) for __use_two_region_memory
    startup_stm32f40_41xxx.o(RESET) refers to startup_stm32f40_41xxx.o(STACK) for __initial_sp
    startup_stm32f40_41xxx.o(RESET) refers to startup_stm32f40_41xxx.o(.text) for Reset_Handler
    startup_stm32f40_41xxx.o(RESET) refers to stm32f4xx_it.o(.text) for NMI_Handler
    startup_stm32f40_41xxx.o(RESET) refers to timer.o(.text) for TIM3_IRQHandler
    startup_stm32f40_41xxx.o(RESET) refers to usart.o(.text) for USART1_IRQHandler
    startup_stm32f40_41xxx.o(.text) refers (Special) to heapauxi.o(.text) for __use_two_region_memory
    startup_stm32f40_41xxx.o(.text) refers to system_stm32f4xx.o(.text) for SystemInit
    startup_stm32f40_41xxx.o(.text) refers to __main.o(!!!main) for __main
    startup_stm32f40_41xxx.o(.text) refers to startup_stm32f40_41xxx.o(HEAP) for Heap_Mem
    startup_stm32f40_41xxx.o(.text) refers to startup_stm32f40_41xxx.o(STACK) for Stack_Mem
    stm32f4xx_adc.o(.text) refers to stm32f4xx_rcc.o(.text) for RCC_APB2PeriphResetCmd
    stm32f4xx_can.o(.text) refers to stm32f4xx_rcc.o(.text) for RCC_APB1PeriphResetCmd
    stm32f4xx_cryp.o(.text) refers to stm32f4xx_rcc.o(.text) for RCC_AHB2PeriphResetCmd
    stm32f4xx_cryp_aes.o(.text) refers to stm32f4xx_cryp.o(.text) for CRYP_KeyStructInit
    stm32f4xx_cryp_des.o(.text) refers to stm32f4xx_cryp.o(.text) for CRYP_KeyStructInit
    stm32f4xx_cryp_tdes.o(.text) refers to stm32f4xx_cryp.o(.text) for CRYP_KeyStructInit
    stm32f4xx_dac.o(.text) refers to stm32f4xx_rcc.o(.text) for RCC_APB1PeriphResetCmd
    stm32f4xx_dma2d.o(.text) refers to stm32f4xx_rcc.o(.text) for RCC_AHB1PeriphResetCmd
    stm32f4xx_fsmc.o(.text) refers to stm32f4xx_fsmc.o(.constdata) for FSMC_DefaultTimingStruct
    stm32f4xx_gpio.o(.text) refers to stm32f4xx_rcc.o(.text) for RCC_AHB1PeriphResetCmd
    stm32f4xx_hash.o(.text) refers to stm32f4xx_rcc.o(.text) for RCC_AHB2PeriphResetCmd
    stm32f4xx_hash_md5.o(.text) refers to stm32f4xx_hash.o(.text) for HASH_DeInit
    stm32f4xx_hash_sha1.o(.text) refers to stm32f4xx_hash.o(.text) for HASH_DeInit
    stm32f4xx_i2c.o(.text) refers to stm32f4xx_rcc.o(.text) for RCC_APB1PeriphResetCmd
    stm32f4xx_ltdc.o(.text) refers to stm32f4xx_rcc.o(.text) for RCC_APB2PeriphResetCmd
    stm32f4xx_pwr.o(.text) refers to stm32f4xx_rcc.o(.text) for RCC_APB1PeriphResetCmd
    stm32f4xx_rcc.o(.text) refers to stm32f4xx_rcc.o(.data) for APBAHBPrescTable
    stm32f4xx_rng.o(.text) refers to stm32f4xx_rcc.o(.text) for RCC_AHB2PeriphResetCmd
    stm32f4xx_sai.o(.text) refers to stm32f4xx_rcc.o(.text) for RCC_APB2PeriphResetCmd
    stm32f4xx_sdio.o(.text) refers to stm32f4xx_rcc.o(.text) for RCC_APB2PeriphResetCmd
    stm32f4xx_spi.o(.text) refers to stm32f4xx_rcc.o(.text) for RCC_APB2PeriphResetCmd
    stm32f4xx_syscfg.o(.text) refers to stm32f4xx_rcc.o(.text) for RCC_APB2PeriphResetCmd
    stm32f4xx_tim.o(.text) refers to stm32f4xx_rcc.o(.text) for RCC_APB2PeriphResetCmd
    stm32f4xx_usart.o(.text) refers to stm32f4xx_rcc.o(.text) for RCC_APB2PeriphResetCmd
    stm32f4xx_wwdg.o(.text) refers to stm32f4xx_rcc.o(.text) for RCC_APB1PeriphResetCmd
    delay.o(.text) refers to misc.o(.text) for SysTick_CLKSourceConfig
    delay.o(.text) refers to delay.o(.data) for fac_us
    usart.o(.rev16_text) refers (Special) to use_no_semi_2.o(.text) for __use_no_semihosting
    usart.o(.revsh_text) refers (Special) to use_no_semi_2.o(.text) for __use_no_semihosting
    usart.o(.text) refers (Special) to use_no_semi_2.o(.text) for __use_no_semihosting
    usart.o(.text) refers to stm32f4xx_rcc.o(.text) for RCC_AHB1PeriphClockCmd
    usart.o(.text) refers to stm32f4xx_gpio.o(.text) for GPIO_PinAFConfig
    usart.o(.text) refers to stm32f4xx_usart.o(.text) for USART_Init
    usart.o(.text) refers to misc.o(.text) for NVIC_Init
[...]
    _printf_f                                0x080001fd   Thumb Code     0  _printf_f.o(.ARM.Collect$$_printf_percent$$00000003)
    _printf_percent                          0x080001fd   Thumb Code     0  _printf_percent.o(.ARM.Collect$$_printf_percent$$00000000)
    _printf_d                                0x08000203   Thumb Code     0  _printf_d.o(.ARM.Collect$$_printf_percent$$00000009)
    _printf_x                                0x08000209   Thumb Code     0  _printf_x.o(.ARM.Collect$$_printf_percent$$0000000C)
    _printf_percent_end                      0x0800020f   Thumb Code     0  _printf_percent_end.o(.ARM.Collect$$_printf_percent$$00000017)
    __rt_lib_init                            0x08000213   Thumb Code     0  libinit.o(.ARM.Collect$$libinit$$00000000)
    __rt_lib_init_fp_1                       0x08000215   Thumb Code     0  libinit2.o(.ARM.Collect$$libinit$$00000001)
    __rt_lib_init_heap_1                     0x08000219   Thumb Code     0  libinit2.o(.ARM.Collect$$libinit$$0000000A)
    __rt_lib_init_lc_common                  0x08000219   Thumb Code     0  libinit2.o(.ARM.Collect$$libinit$$0000000F)
    __rt_lib_init_preinit_1                  0x08000219   Thumb Code     0  libinit2.o(.ARM.Collect$$libinit$$00000004)
    __rt_lib_init_rand_1                     0x08000219   Thumb Code     0  libinit2.o(.ARM.Collect$$libinit$$0000000E)
    __rt_lib_init_user_alloc_1               0x08000219   Thumb Code     0  libinit2.o(.ARM.Collect$$libinit$$0000000C)
    __rt_lib_init_lc_collate_1               0x0800021f   Thumb Code     0  libinit2.o(.ARM.Collect$$libinit$$00000011)
    __rt_lib_init_lc_ctype_1                 0x0800021f   Thumb Code     0  libinit2.o(.ARM.Collect$$libinit$$00000013)
    __rt_lib_init_lc_monetary_1              0x0800021f   Thumb Code     0  libinit2.o(.ARM.Collect$$libinit$$00000015)
    __rt_lib_init_lc_numeric_2               0x0800021f   Thumb Code     0  libinit2.o(.ARM.Collect$$libinit$$00000016)
    __rt_lib_init_alloca_1                   0x08000229   Thumb Code     0  libinit2.o(.ARM.Collect$$libinit$$0000002E)
    __rt_lib_init_argv_1                     0x08000229   Thumb Code     0  libinit2.o(.ARM.Collect$$libinit$$0000002C)
    __rt_lib_init_atexit_1                   0x08000229   Thumb Code     0  libinit2.o(.ARM.Collect$$libinit$$0000001B)
    __rt_lib_init_clock_1                    0x08000229   Thumb Code     0  libinit2.o(.ARM.Collect$$libinit$$00000021)
    __rt_lib_init_cpp_1                      0x08000229   Thumb Code     0  libinit2.o(.ARM.Collect$$libinit$$00000032)
    __rt_lib_init_exceptions_1               0x08000229   Thumb Code     0  libinit2.o(.ARM.Collect$$libinit$$00000030)
    __rt_lib_init_fp_trap_1                  0x08000229   Thumb Code     0  libinit2.o(.ARM.Collect$$libinit$$0000001F)
    __rt_lib_init_getenv_1                   0x08000229   Thumb Code     0  libinit2.o(.ARM.Collect$$libinit$$00000023)
    __rt_lib_init_lc_numeric_1               0x08000229   Thumb Code     0  libinit2.o(.ARM.Collect$$libinit$$00000017)
    __rt_lib_init_lc_time_1                  0x08000229   Thumb Code     0  libinit2.o(.ARM.Collect$$libinit$$00000019)
    __rt_lib_init_return                     0x08000229   Thumb Code     0  libinit2.o(.ARM.Collect$$libinit$$00000033)
    __rt_lib_init_signal_1                   0x08000229   Thumb Code     0  libinit2.o(.ARM.Collect$$libinit$$0000001D)
    __rt_lib_init_stdio_1                    0x08000229   Thumb Code     0  libinit2.o(.ARM.Collect$$libinit$$00000025)
    __rt_lib_shutdown                        0x0800022b   Thumb Code     0  libshutdown.o(.ARM.Collect$$libshutdown$$00000000)
    __rt_lib_shutdown_cpp_1                  0x0800022d   Thumb Code     0  libshutdown2.o(.ARM.Collect$$libshutdown$$00000002)
    __rt_lib_shutdown_fp_trap_1              0x0800022d   Thumb Code     0  libshutdown2.o(.ARM.Collect$$libshutdown$$00000007)
    __rt_lib_shutdown_heap_1                 0x0800022d   Thumb Code     0  libshutdown2.o(.ARM.Collect$$libshutdown$$0000000F)
    __rt_lib_shutdown_return                 0x0800022d   Thumb Code     0  libshutdown2.o(.ARM.Collect$$libshutdown$$00000010)
    __rt_lib_shutdown_signal_1               0x0800022d   Thumb Code     0  libshutdown2.o(.ARM.Collect$$libshutdown$$0000000A)
    __rt_lib_shutdown_stdio_1                0x0800022d   Thumb Code     0  libshutdown2.o(.ARM.Collect$$libshutdown$$00000004)
    __rt_lib_shutdown_user_alloc_1           0x0800022d   Thumb Code     0  libshutdown2.o(.ARM.Collect$$libshutdown$$0000000C)
    __rt_entry                               0x0800022f   Thumb Code     0  __rtentry.o(.ARM.Collect$$rtentry$$00000000)
    __rt_entry_presh_1                       0x0800022f   Thumb Code     0  __rtentry2.o(.ARM.Collect$$rtentry$$00000002)
    __rt_entry_sh                            0x0800022f   Thumb Code     0  __rtentry4.o(.ARM.Collect$$rtentry$$00000004)
    __rt_entry_li                            0x08000235   Thumb Code     0  __rtentry2.o(.ARM.Collect$$rtentry$$0000000A)
    __rt_entry_postsh_1                      0x08000235   Thumb Code     0  __rtentry2.o(.ARM.Collect$$rtentry$$00000009)
    __rt_entry_main                          0x08000239   Thumb Code     0  __rtentry2.o(.ARM.Collect$$rtentry$$0000000D)
    __rt_entry_postli_1                      0x08000239   Thumb Code     0  __rtentry2.o(.ARM.Collect$$rtentry$$0000000C)
    __rt_exit                                0x08000241   Thumb Code     0  rtexit.o(.ARM.Collect$$rtexit$$00000000)
    __rt_exit_ls                             0x08000243   Thumb Code     0  rtexit2.o(.ARM.Collect$$rtexit$$00000003)
    __rt_exit_prels_1                        0x08000243   Thumb Code     0  rtexit2.o(.ARM.Collect$$rtexit$$00000002)
    __rt_exit_exit                           0x08000247   Thumb Code     0  rtexit2.o(.ARM.Collect$$rtexit$$00000004)
    main                                     0x0800024d   Thumb Code   142  main.o(.text)
    NMI_Handler                              0x0800030d   Thumb Code     2  stm32f4xx_it.o(.text)
    HardFault_Handler                        0x0800030f   Thumb Code     4  stm32f4xx_it.o(.text)
    MemManage_Handler                        0x08000313   Thumb Code     4  stm32f4xx_it.o(.text)
    BusFault_Handler                         0x08000317   Thumb Code     4  stm32f4xx_it.o(.text)
    UsageFault_Handler                       0x0800031b   Thumb Code     4  stm32f4xx_it.o(.text)
    SVC_Handler                              0x0800031f   Thumb Code     2  stm32f4xx_it.o(.text)
    DebugMon_Handler                         0x08000321   Thumb Code     2  stm32f4xx_it.o(.text)
    PendSV_Handler                           0x08000323   Thumb Code     2  stm32f4xx_it.o(.text)
    SysTick_Handler                          0x08000325   Thumb Code     2  stm32f4xx_it.o(.text)
    SystemInit                               0x08000405   Thumb Code    88  system_stm32f4xx.o(.text)
    SystemCoreClockUpdate                    0x0800045d   Thumb Code   174  system_stm32f4xx.o(.text)
    Reset_Handler                            0x08000539   Thumb Code     8  startup_stm32f40_41xxx.o(.text)
    ADC_IRQHandler                           0x08000553   Thumb Code     0  startup_stm32f40_41xxx.o(.text)
    CAN1_RX0_IRQHandler                      0x08000553   Thumb Code     0  startup_stm32f40_41xxx.o(.text)
    CAN1_RX1_IRQHandler                      0x08000553   Thumb Code     0  startup_stm32f40_41xxx.o(.text)
    CAN1_SCE_IRQHandler                      0x08000553   Thumb Code     0  startup_stm32f40_41xxx.o(.text)
    CAN1_TX_IRQHandler                       0x08000553   Thumb Code     0  startup_stm32f40_41xxx.o(.text)
    CAN2_RX0_IRQHandler                      0x08000553   Thumb Code     0  startup_stm32f40_41xxx.o(.text)
    CAN2_RX1_IRQHandler                      0x08000553   Thumb Code     0  startup_stm32f40_41xxx.o(.text)
    CAN2_SCE_IRQHandler                      0x08000553   Thumb Code     0  startup_stm32f40_41xxx.o(.text)
    CAN2_TX_IRQHandler                       0x08000553   Thumb Code     0  startup_stm32f40_41xxx.o(.text)
    CRYP_IRQHandler                          0x08000553   Thumb Code     0  startup_stm32f40_41xxx.o(.text)
    DCMI_IRQHandler                          0x08000553   Thumb Code     0  startup_stm32f40_41xxx.o(.text)
    DMA1_Stream0_IRQHandler                  0x08000553   Thumb Code     0  startup_stm32f40_41xxx.o(.text)
    DMA1_Stream1_IRQHandler                  0x08000553   Thumb Code     0  startup_stm32f40_41xxx.o(.text)
    DMA1_Stream2_IRQHandler                  0x08000553   Thumb Code     0  startup_stm32f40_41xxx.o(.text)
    DMA1_Stream3_IRQHandler                  0x08000553   Thumb Code     0  startup_stm32f40_41xxx.o(.text)
    DMA1_Stream4_IRQHandler                  0x08000553   Thumb Code     0  startup_stm32f40_41xxx.o(.text)
    DMA1_Stream5_IRQHandler                  0x08000553   Thumb Code     0  startup_stm32f40_41xxx.o(.text)
    DMA1_Stream6_IRQHandler                  0x08000553   Thumb Code     0  startup_stm32f40_41xxx.o(.text)
    DMA1_Stream7_IRQHandler                  0x08000553   Thumb Code     0  startup_stm32f40_41xxx.o(.text)
    DMA2_Stream0_IRQHandler                  0x08000553   Thumb Code     0  startup_stm32f40_41xxx.o(.text)
    DMA2_Stream1_IRQHandler                  0x08000553   Thumb Code     0  startup_stm32f40_41xxx.o(.text)
    DMA2_Stream2_IRQHandler                  0x08000553   Thumb Code     0  startup_stm32f40_41xxx.o(.text)
    DMA2_Stream3_IRQHandler                  0x08000553   Thumb Code     0  startup_stm32f40_41xxx.o(.text)
    DMA2_Stream4_IRQHandler                  0x08000553   Thumb Code     0  startup_stm32f40_41xxx.o(.text)
    DMA2_Stream5_IRQHandler                  0x08000553   Thumb Code     0  startup_stm32f40_41xxx.o(.text)
    DMA2_Stream6_IRQHandler                  0x08000553   Thumb Code     0  startup_stm32f40_41xxx.o(.text)
    DMA2_Stream7_IRQHandler                  0x08000553   Thumb Code     0  startup_stm32f40_41xxx.o(.text)
    ETH_IRQHandler                           0x08000553   Thumb Code     0  startup_stm32f40_41xxx.o(.text)
    ETH_WKUP_IRQHandler                      0x08000553   Thumb Code     0  startup_stm32f40_41xxx.o(.text)
    EXTI0_IRQHandler                         0x08000553   Thumb Code     0  startup_stm32f40_41xxx.o(.text)
    EXTI15_10_IRQHandler                     0x08000553   Thumb Code     0  startup_stm32f40_41xxx.o(.text)
    EXTI1_IRQHandler                         0x08000553   Thumb Code     0  startup_stm32f40_41xxx.o(.text)
    EXTI2_IRQHandler                         0x08000553   Thumb Code     0  startup_stm32f40_41xxx.o(.text)
    EXTI3_IRQHandler                         0x08000553   Thumb Code     0  startup_stm32f40_41xxx.o(.text)
    EXTI4_IRQHandler                         0x08000553   Thumb Code     0  startup_stm32f40_41xxx.o(.text)
    EXTI9_5_IRQHandler                       0x08000553   Thumb Code     0  startup_stm32f40_41xxx.o(.text)
    FLASH_IRQHandler                         0x08000553   Thumb Code     0  startup_stm32f40_41xxx.o(.text)
    FPU_IRQHandler                           0x08000553   Thumb Code     0  startup_stm32f40_41xxx.o(.text)
    FSMC_IRQHandler                          0x08000553   Thumb Code     0  startup_stm32f40_41xxx.o(.text)
    HASH_RNG_IRQHandler                      0x08000553   Thumb Code     0  startup_stm32f40_41xxx.o(.text)
    I2C1_ER_IRQHandler                       0x08000553   Thumb Code     0  startup_stm32f40_41xxx.o(.text)
    I2C1_EV_IRQHandler                       0x08000553   Thumb Code     0  startup_stm32f40_41xxx.o(.text)
    I2C2_ER_IRQHandler                       0x08000553   Thumb Code     0  startup_stm32f40_41xxx.o(.text)
    I2C2_EV_IRQHandler                       0x08000553   Thumb Code     0  startup_stm32f40_41xxx.o(.text)
    I2C3_ER_IRQHandler                       0x08000553   Thumb Code     0  startup_stm32f40_41xxx.o(.text)
    I2C3_EV_IRQHandler                       0x08000553   Thumb Code     0  startup_stm32f40_41xxx.o(.text)
    OTG_FS_IRQHandler                        0x08000553   Thumb Code     0  startup_stm32f40_41xxx.o(.text)
    OTG_FS_WKUP_IRQHandler                   0x08000553   Thumb Code     0  startup_stm32f40_41xxx.o(.text)
    OTG_HS_EP1_IN_IRQHandler                 0x08000553   Thumb Code     0  startup_stm32f40_41xxx.o(.text)
    OTG_HS_EP1_OUT_IRQHandler                0x08000553   Thumb Code     0  startup_stm32f40_41xxx.o(.text)
    OTG_HS_IRQHandler                        0x08000553   Thumb Code     0  startup_stm32f40_41xxx.o(.text)
    OTG_HS_WKUP_IRQHandler                   0x08000553   Thumb Code     0  startup_stm32f40_41xxx.o(.text)
    PVD_IRQHandler                           0x08000553   Thumb Code     0  startup_stm32f40_41xxx.o(.text)
    RCC_IRQHandler                           0x08000553   Thumb Code     0  startup_stm32f40_41xxx.o(.text)
    RTC_Alarm_IRQHandler                     0x08000553   Thumb Code     0  startup_stm32f40_41xxx.o(.text)
    RTC_WKUP_IRQHandler                      0x08000553   Thumb Code     0  startup_stm32f40_41xxx.o(.text)
    SDIO_IRQHandler                          0x08000553   Thumb Code     0  startup_stm32f40_41xxx.o(.text)
    SPI1_IRQHandler                          0x08000553   Thumb Code     0  startup_stm32f40_41xxx.o(.text)
    SPI2_IRQHandler                          0x08000553   Thumb Code     0  startup_stm32f40_41xxx.o(.text)
    SPI3_IRQHandler                          0x08000553   Thumb Code     0  startup_stm32f40_41xxx.o(.text)
    TAMP_STAMP_IRQHandler                    0x08000553   Thumb Code     0  startup_stm32f40_41xxx.o(.text)
    TIM1_BRK_TIM9_IRQHandler                 0x08000553   Thumb Code     0  startup_stm32f40_41xxx.o(.text)
    TIM1_CC_IRQHandler                       0x08000553   Thumb Code     0  startup_stm32f40_41xxx.o(.text)
    TIM1_TRG_COM_TIM11_IRQHandler            0x08000553   Thumb Code     0  startup_stm32f40_41xxx.o(.text)
    TIM1_UP_TIM10_IRQHandler                 0x08000553   Thumb Code     0  startup_stm32f40_41xxx.o(.text)
    TIM2_IRQHandler                          0x08000553   Thumb Code     0  startup_stm32f40_41xxx.o(.text)
    TIM4_IRQHandler                          0x08000553   Thumb Code     0  startup_stm32f40_41xxx.o(.text)
    TIM5_IRQHandler                          0x08000553   Thumb Code     0  startup_stm32f40_41xxx.o(.text)
    TIM6_DAC_IRQHandler                      0x08000553   Thumb Code     0  startup_stm32f40_41xxx.o(.text)
    TIM7_IRQHandler                          0x08000553   Thumb Code     0  startup_stm32f40_41xxx.o(.text)
    TIM8_BRK_TIM12_IRQHandler                0x08000553   Thumb Code     0  startup_stm32f40_41xxx.o(.text)
    TIM8_CC_IRQHandler                       0x08000553   Thumb Code     0  startup_stm32f40_41xxx.o(.text)
    TIM8_TRG_COM_TIM14_IRQHandler            0x08000553   Thumb Code     0  startup_stm32f40_41xxx.o(.text)
    TIM8_UP_TIM13_IRQHandler                 0x08000553   Thumb Code     0  startup_stm32f40_41xxx.o(.text)
    UART4_IRQHandler                         0x08000553   Thumb Code     0  startup_stm32f40_41xxx.o(.text)
    UART5_IRQHandler                         0x08000553   Thumb Code     0  startup_stm32f40_41xxx.o(.text)
    USART2_IRQHandler                        0x08000553   Thumb Code     0  startup_stm32f40_41xxx.o(.text)
    USART3_IRQHandler                        0x08000553   Thumb Code     0  startup_stm32f40_41xxx.o(.text)
    USART6_IRQHandler                        0x08000553   Thumb Code     0  startup_stm32f40_41xxx.o(.text)
    WWDG_IRQHandler                          0x08000553   Thumb Code     0  startup_stm32f40_41xxx.o(.text)
    __user_initial_stackheap                 0x08000555   Thumb Code     0  startup_stm32f40_41xxx.o(.text)
    NVIC_PriorityGroupConfig                 0x08000579   Thumb Code    10  misc.o(.text)
    NVIC_Init                                0x08000583   Thumb Code   106  misc.o(.text)
    NVIC_SetVectorTable                      0x080005ed   Thumb Code    14  misc.o(.text)
    NVIC_SystemLPConfig                      0x080005fb   Thumb Code    34  misc.o(.text)
    SysTick_CLKSourceConfig                  0x0800061d   Thumb Code    40  misc.o(.text)
    GPIO_DeInit                              0x08000659   Thumb Code   268  stm32f4xx_gpio.o(.text)
    GPIO_Init                                0x08000765   Thumb Code   144  stm32f4xx_gpio.o(.text)
    GPIO_StructInit                          0x080007f5   Thumb Code    18  stm32f4xx_gpio.o(.text)
    GPIO_PinLockConfig                       0x08000807   Thumb Code    34  stm32f4xx_gpio.o(.text)
    GPIO_ReadInputDataBit                    0x08000829   Thumb Code    18  stm32f4xx_gpio.o(.text)
    GPIO_ReadInputData                       0x0800083b   Thumb Code     8  stm32f4xx_gpio.o(.text)
    GPIO_ReadOutputDataBit                   0x08000843   Thumb Code    18  stm32f4xx_gpio.o(.text)
    GPIO_ReadOutputData                      0x08000855   Thumb Code     8  stm32f4xx_gpio.o(.text)
    GPIO_SetBits                             0x0800085d   Thumb Code     4  stm32f4xx_gpio.o(.text)
    GPIO_ResetBits                           0x08000861   Thumb Code     4  stm32f4xx_gpio.o(.text)
    GPIO_WriteBit                            0x08000865   Thumb Code    10  stm32f4xx_gpio.o(.text)
    GPIO_Write                               0x0800086f   Thumb Code     4  stm32f4xx_gpio.o(.text)
    GPIO_ToggleBits                          0x08000873   Thumb Code     8  stm32f4xx_gpio.o(.text)
    GPIO_PinAFConfig                         0x0800087b   Thumb Code    70  stm32f4xx_gpio.o(.text)
    RCC_DeInit                               0x080008ed   Thumb Code    82  stm32f4xx_rcc.o(.text)
    RCC_HSEConfig                            0x0800093f   Thumb Code    14  stm32f4xx_rcc.o(.text)
    RCC_GetFlagStatus                        0x0800094d   Thumb Code    60  stm32f4xx_rcc.o(.text)
    RCC_WaitForHSEStartUp                    0x08000989   Thumb Code    56  stm32f4xx_rcc.o(.text)
    RCC_AdjustHSICalibrationValue            0x080009c1   Thumb Code    20  stm32f4xx_rcc.o(.text)
    RCC_HSICmd                               0x080009d5   Thumb Code     6  stm32f4xx_rcc.o(.text)
    RCC_LSEConfig                            0x080009db   Thumb Code    46  stm32f4xx_rcc.o(.text)
    RCC_LSICmd                               0x08000a09   Thumb Code     6  stm32f4xx_rcc.o(.text)
    RCC_PLLConfig                            0x08000a0f   Thumb Code    32  stm32f4xx_rcc.o(.text)
    RCC_PLLCmd                               0x08000a2f   Thumb Code     6  stm32f4xx_rcc.o(.text)
    RCC_PLLI2SConfig                         0x08000a35   Thumb Code    14  stm32f4xx_rcc.o(.text)
    RCC_PLLI2SCmd                            0x08000a43   Thumb Code     6  stm32f4xx_rcc.o(.text)
    RCC_PLLSAIConfig                         0x08000a49   Thumb Code    20  stm32f4xx_rcc.o(.text)
    RCC_PLLSAICmd                            0x08000a5d   Thumb Code     6  stm32f4xx_rcc.o(.text)
    RCC_ClockSecuritySystemCmd               0x08000a63   Thumb Code     6  stm32f4xx_rcc.o(.text)
    RCC_MCO1Config                           0x08000a69   Thumb Code    28  stm32f4xx_rcc.o(.text)
    RCC_MCO2Config                           0x08000a85   Thumb Code    28  stm32f4xx_rcc.o(.text)
    RCC_SYSCLKConfig                         0x08000aa1   Thumb Code    20  stm32f4xx_rcc.o(.text)
    RCC_GetSYSCLKSource                      0x08000ab5   Thumb Code    12  stm32f4xx_rcc.o(.text)
    RCC_HCLKConfig                           0x08000ac1   Thumb Code    20  stm32f4xx_rcc.o(.text)
    RCC_PCLK1Config                          0x08000ad5   Thumb Code    20  stm32f4xx_rcc.o(.text)
    RCC_PCLK2Config                          0x08000ae9   Thumb Code    22  stm32f4xx_rcc.o(.text)
    RCC_GetClocksFreq                        0x08000aff   Thumb Code   222  stm32f4xx_rcc.o(.text)
    RCC_RTCCLKConfig                         0x08000bdd   Thumb Code    54  stm32f4xx_rcc.o(.text)
    RCC_RTCCLKCmd                            0x08000c13   Thumb Code     8  stm32f4xx_rcc.o(.text)
    RCC_BackupResetCmd                       0x08000c1b   Thumb Code     8  stm32f4xx_rcc.o(.text)
    RCC_I2SCLKConfig                         0x08000c23   Thumb Code     6  stm32f4xx_rcc.o(.text)
    RCC_SAIPLLI2SClkDivConfig                0x08000c29   Thumb Code    26  stm32f4xx_rcc.o(.text)
    RCC_SAIPLLSAIClkDivConfig                0x08000c43   Thumb Code    28  stm32f4xx_rcc.o(.text)
    RCC_SAIBlockACLKConfig                   0x08000c5f   Thumb Code    20  stm32f4xx_rcc.o(.text)
    RCC_SAIBlockBCLKConfig                   0x08000c73   Thumb Code    20  stm32f4xx_rcc.o(.text)
    RCC_LTDCCLKDivConfig                     0x08000c87   Thumb Code    20  stm32f4xx_rcc.o(.text)
    RCC_TIMCLKPresConfig                     0x08000c9b   Thumb Code     6  stm32f4xx_rcc.o(.text)
    RCC_AHB1PeriphClockCmd                   0x08000ca1   Thumb Code    34  stm32f4xx_rcc.o(.text)
    RCC_AHB2PeriphClockCmd                   0x08000cc3   Thumb Code    78  stm32f4xx_rcc.o(.text)
    RCC_AHB3PeriphClockCmd                   0x08000d11   Thumb Code    34  stm32f4xx_rcc.o(.text)
    RCC_APB1PeriphClockCmd                   0x08000d33   Thumb Code    34  stm32f4xx_rcc.o(.text)
    RCC_APB2PeriphClockCmd                   0x08000d55   Thumb Code    34  stm32f4xx_rcc.o(.text)
    RCC_AHB1PeriphResetCmd                   0x08000d77   Thumb Code    34  stm32f4xx_rcc.o(.text)
    RCC_AHB2PeriphResetCmd                   0x08000d99   Thumb Code    34  stm32f4xx_rcc.o(.text)
    RCC_AHB3PeriphResetCmd                   0x08000dbb   Thumb Code    34  stm32f4xx_rcc.o(.text)
    RCC_APB1PeriphResetCmd                   0x08000ddd   Thumb Code    34  stm32f4xx_rcc.o(.text)
    RCC_APB2PeriphResetCmd                   0x08000dff   Thumb Code    34  stm32f4xx_rcc.o(.text)
    RCC_AHB1PeriphClockLPModeCmd             0x08000e21   Thumb Code    34  stm32f4xx_rcc.o(.text)
    RCC_AHB2PeriphClockLPModeCmd             0x08000e43   Thumb Code    34  stm32f4xx_rcc.o(.text)
    RCC_AHB3PeriphClockLPModeCmd             0x08000e65   Thumb Code    34  stm32f4xx_rcc.o(.text)
    RCC_APB1PeriphClockLPModeCmd             0x08000e87   Thumb Code    34  stm32f4xx_rcc.o(.text)
    RCC_APB2PeriphClockLPModeCmd             0x08000ea9   Thumb Code    34  stm32f4xx_rcc.o(.text)
    RCC_LSEModeConfig                        0x08000ecb   Thumb Code    40  stm32f4xx_rcc.o(.text)
    RCC_ITConfig                             0x08000ef3   Thumb Code    34  stm32f4xx_rcc.o(.text)
    RCC_ClearFlag                            0x08000f15   Thumb Code    18  stm32f4xx_rcc.o(.text)
    RCC_GetITStatus                          0x08000f27   Thumb Code    22  stm32f4xx_rcc.o(.text)
    RCC_ClearITPendingBit                    0x08000f3d   Thumb Code     8  stm32f4xx_rcc.o(.text)
    TIM_DeInit                               0x08000f49   Thumb Code   346  stm32f4xx_tim.o(.text)
    TIM_TimeBaseInit                         0x080010a3   Thumb Code   104  stm32f4xx_tim.o(.text)
    TIM_TimeBaseStructInit                   0x0800110b   Thumb Code    18  stm32f4xx_tim.o(.text)
    TIM_PrescalerConfig                      0x0800111d   Thumb Code     6  stm32f4xx_tim.o(.text)
    TIM_CounterModeConfig                    0x08001123   Thumb Code    18  stm32f4xx_tim.o(.text)
    TIM_SetCounter                           0x08001135   Thumb Code     4  stm32f4xx_tim.o(.text)
    TIM_SetAutoreload                        0x08001139   Thumb Code     4  stm32f4xx_tim.o(.text)
    TIM_GetCounter                           0x0800113d   Thumb Code     6  stm32f4xx_tim.o(.text)
    TIM_GetPrescaler                         0x08001143   Thumb Code     6  stm32f4xx_tim.o(.text)
    TIM_UpdateDisableConfig                  0x08001149   Thumb Code    24  stm32f4xx_tim.o(.text)
    TIM_UpdateRequestConfig                  0x08001161   Thumb Code    24  stm32f4xx_tim.o(.text)
    TIM_ARRPreloadConfig                     0x08001179   Thumb Code    24  stm32f4xx_tim.o(.text)
    TIM_SelectOnePulseMode                   0x08001191   Thumb Code    18  stm32f4xx_tim.o(.text)
    TIM_SetClockDivision                     0x080011a3   Thumb Code    18  stm32f4xx_tim.o(.text)
    TIM_Cmd                                  0x080011b5   Thumb Code    24  stm32f4xx_tim.o(.text)
    TIM_OC1Init                              0x080011cd   Thumb Code   114  stm32f4xx_tim.o(.text)
    TIM_OC2Init                              0x0800123f   Thumb Code   154  stm32f4xx_tim.o(.text)
    TIM_OC3Init                              0x080012d9   Thumb Code   204  stm32f4xx_tim.o(.text)
    TIM_OC4Init                              0x080013a5   Thumb Code   112  stm32f4xx_tim.o(.text)
    TIM_OCStructInit                         0x08001415   Thumb Code    20  stm32f4xx_tim.o(.text)
    TIM_SelectOCxM                           0x08001429   Thumb Code    86  stm32f4xx_tim.o(.text)
    TIM_SetCompare1                          0x0800147f   Thumb Code     4  stm32f4xx_tim.o(.text)
    TIM_SetCompare2                          0x08001483   Thumb Code     4  stm32f4xx_tim.o(.text)
    TIM_SetCompare3                          0x08001487   Thumb Code     4  stm32f4xx_tim.o(.text)
    TIM_SetCompare4                          0x0800148b   Thumb Code     4  stm32f4xx_tim.o(.text)
    TIM_ForcedOC1Config                      0x0800148f   Thumb Code    18  stm32f4xx_tim.o(.text)
    TIM_ForcedOC2Config                      0x080014a1   Thumb Code    26  stm32f4xx_tim.o(.text)
    TIM_ForcedOC3Config                      0x080014bb   Thumb Code    18  stm32f4xx_tim.o(.text)
    TIM_ForcedOC4Config                      0x080014cd   Thumb Code    26  stm32f4xx_tim.o(.text)
    TIM_OC1PreloadConfig                     0x080014e7   Thumb Code    18  stm32f4xx_tim.o(.text)
    TIM_OC2PreloadConfig                     0x080014f9   Thumb Code    26  stm32f4xx_tim.o(.text)
    TIM_OC3PreloadConfig                     0x08001513   Thumb Code    18  stm32f4xx_tim.o(.text)
    TIM_OC4PreloadConfig                     0x08001525   Thumb Code    26  stm32f4xx_tim.o(.text)
    TIM_OC1FastConfig                        0x0800153f   Thumb Code    18  stm32f4xx_tim.o(.text)
    TIM_OC2FastConfig                        0x08001551   Thumb Code    26  stm32f4xx_tim.o(.text)
    TIM_OC3FastConfig                        0x0800156b   Thumb Code    18  stm32f4xx_tim.o(.text)
    TIM_OC4FastConfig                        0x0800157d   Thumb Code    26  stm32f4xx_tim.o(.text)
    TIM_ClearOC1Ref                          0x08001597   Thumb Code    18  stm32f4xx_tim.o(.text)
    TIM_ClearOC2Ref                          0x080015a9   Thumb Code    24  stm32f4xx_tim.o(.text)
    TIM_ClearOC3Ref                          0x080015c1   Thumb Code    18  stm32f4xx_tim.o(.text)
    TIM_ClearOC4Ref                          0x080015d3   Thumb Code    24  stm32f4xx_tim.o(.text)
    TIM_OC1PolarityConfig                    0x080015eb   Thumb Code    18  stm32f4xx_tim.o(.text)
    TIM_OC1NPolarityConfig                   0x080015fd   Thumb Code    18  stm32f4xx_tim.o(.text)
    TIM_OC2PolarityConfig                    0x0800160f   Thumb Code    26  stm32f4xx_tim.o(.text)
    TIM_OC2NPolarityConfig                   0x08001629   Thumb Code    26  stm32f4xx_tim.o(.text)
    TIM_OC3PolarityConfig                    0x08001643   Thumb Code    26  stm32f4xx_tim.o(.text)
    TIM_OC3NPolarityConfig                   0x0800165d   Thumb Code    26  stm32f4xx_tim.o(.text)
    TIM_OC4PolarityConfig                    0x08001677   Thumb Code    26  stm32f4xx_tim.o(.text)
    TIM_CCxCmd                               0x08001691   Thumb Code    30  stm32f4xx_tim.o(.text)
    TIM_CCxNCmd                              0x080016af   Thumb Code    30  stm32f4xx_tim.o(.text)
    TIM_SetIC4Prescaler                      0x080016cd   Thumb Code    26  stm32f4xx_tim.o(.text)
    TIM_SetIC3Prescaler                      0x08001737   Thumb Code    18  stm32f4xx_tim.o(.text)
    TIM_SetIC2Prescaler                      0x08001791   Thumb Code    26  stm32f4xx_tim.o(.text)
    TIM_SetIC1Prescaler                      0x08001805   Thumb Code    18  stm32f4xx_tim.o(.text)
    TIM_ICInit                               0x08001851   Thumb Code   110  stm32f4xx_tim.o(.text)
    TIM_ICStructInit                         0x080018bf   Thumb Code    18  stm32f4xx_tim.o(.text)
    TIM_PWMIConfig                           0x080018d1   Thumb Code   124  stm32f4xx_tim.o(.text)
    TIM_GetCapture1                          0x0800194d   Thumb Code     6  stm32f4xx_tim.o(.text)
    TIM_GetCapture2                          0x08001953   Thumb Code     6  stm32f4xx_tim.o(.text)
    TIM_GetCapture3                          0x08001959   Thumb Code     6  stm32f4xx_tim.o(.text)
    TIM_GetCapture4                          0x0800195f   Thumb Code     6  stm32f4xx_tim.o(.text)
    TIM_BDTRConfig                           0x08001965   Thumb Code    32  stm32f4xx_tim.o(.text)
    TIM_BDTRStructInit                       0x08001985   Thumb Code    18  stm32f4xx_tim.o(.text)
    TIM_CtrlPWMOutputs                       0x08001997   Thumb Code    30  stm32f4xx_tim.o(.text)
    TIM_SelectCOM                            0x080019b5   Thumb Code    24  stm32f4xx_tim.o(.text)
    TIM_CCPreloadControl                     0x080019cd   Thumb Code    24  stm32f4xx_tim.o(.text)
    TIM_ITConfig                             0x080019e5   Thumb Code    18  stm32f4xx_tim.o(.text)
    TIM_GenerateEvent                        0x080019f7   Thumb Code     4  stm32f4xx_tim.o(.text)
    TIM_GetFlagStatus                        0x080019fb   Thumb Code    18  stm32f4xx_tim.o(.text)
    TIM_ClearFlag                            0x08001a0d   Thumb Code     6  stm32f4xx_tim.o(.text)
    TIM_GetITStatus                          0x08001a13   Thumb Code    34  stm32f4xx_tim.o(.text)
    TIM_ClearITPendingBit                    0x08001a35   Thumb Code     6  stm32f4xx_tim.o(.text)
    TIM_DMAConfig                            0x08001a3b   Thumb Code    10  stm32f4xx_tim.o(.text)
    TIM_DMACmd                               0x08001a45   Thumb Code    18  stm32f4xx_tim.o(.text)
    TIM_SelectCCDMA                          0x08001a57   Thumb Code    24  stm32f4xx_tim.o(.text)
    TIM_InternalClockConfig                  0x08001a6f   Thumb Code    12  stm32f4xx_tim.o(.text)
    TIM_SelectInputTrigger                   0x08001a7b   Thumb Code    18  stm32f4xx_tim.o(.text)
    TIM_ITRxExternalClockConfig              0x08001a8d   Thumb Code    24  stm32f4xx_tim.o(.text)
    TIM_TIxExternalClockConfig               0x08001aa5   Thumb Code    62  stm32f4xx_tim.o(.text)
    TIM_ETRConfig                            0x08001ae3   Thumb Code    28  stm32f4xx_tim.o(.text)
    TIM_ETRClockMode1Config                  0x08001aff   Thumb Code    54  stm32f4xx_tim.o(.text)
    TIM_ETRClockMode2Config                  0x08001b35   Thumb Code    32  stm32f4xx_tim.o(.text)
    TIM_SelectOutputTrigger                  0x08001b55   Thumb Code    18  stm32f4xx_tim.o(.text)
    TIM_SelectSlaveMode                      0x08001b67   Thumb Code    18  stm32f4xx_tim.o(.text)
    TIM_SelectMasterSlaveMode                0x08001b79   Thumb Code    18  stm32f4xx_tim.o(.text)
    TIM_EncoderInterfaceConfig               0x08001b8b   Thumb Code    66  stm32f4xx_tim.o(.text)
    TIM_SelectHallSensor                     0x08001bcd   Thumb Code    24  stm32f4xx_tim.o(.text)
    TIM_RemapConfig                          0x08001be5   Thumb Code     6  stm32f4xx_tim.o(.text)
    USART_DeInit                             0x08001bed   Thumb Code   206  stm32f4xx_usart.o(.text)
    USART_Init                               0x08001cbb   Thumb Code   204  stm32f4xx_usart.o(.text)
    USART_StructInit                         0x08001d87   Thumb Code    24  stm32f4xx_usart.o(.text)
    USART_ClockInit                          0x08001d9f   Thumb Code    32  stm32f4xx_usart.o(.text)
    USART_ClockStructInit                    0x08001dbf   Thumb Code    12  stm32f4xx_usart.o(.text)
    USART_Cmd                                0x08001dcb   Thumb Code    24  stm32f4xx_usart.o(.text)
    USART_SetPrescaler                       0x08001de3   Thumb Code    16  stm32f4xx_usart.o(.text)
    USART_OverSampling8Cmd                   0x08001df3   Thumb Code    22  stm32f4xx_usart.o(.text)
    USART_OneBitMethodCmd                    0x08001e09   Thumb Code    24  stm32f4xx_usart.o(.text)
    USART_SendData                           0x08001e21   Thumb Code     8  stm32f4xx_usart.o(.text)
    USART_ReceiveData                        0x08001e29   Thumb Code    10  stm32f4xx_usart.o(.text)
    USART_SetAddress                         0x08001e33   Thumb Code    18  stm32f4xx_usart.o(.text)
    USART_ReceiverWakeUpCmd                  0x08001e45   Thumb Code    24  stm32f4xx_usart.o(.text)
    USART_WakeUpConfig                       0x08001e5d   Thumb Code    18  stm32f4xx_usart.o(.text)
    USART_LINBreakDetectLengthConfig         0x08001e6f   Thumb Code    18  stm32f4xx_usart.o(.text)
    USART_LINCmd                             0x08001e81   Thumb Code    24  stm32f4xx_usart.o(.text)
    USART_SendBreak                          0x08001e99   Thumb Code    10  stm32f4xx_usart.o(.text)
    USART_HalfDuplexCmd                      0x08001ea3   Thumb Code    24  stm32f4xx_usart.o(.text)
    USART_SetGuardTime                       0x08001ebb   Thumb Code    16  stm32f4xx_usart.o(.text)
    USART_SmartCardCmd                       0x08001ecb   Thumb Code    24  stm32f4xx_usart.o(.text)
    USART_SmartCardNACKCmd                   0x08001ee3   Thumb Code    24  stm32f4xx_usart.o(.text)
    USART_IrDAConfig                         0x08001efb   Thumb Code    18  stm32f4xx_usart.o(.text)
    USART_IrDACmd                            0x08001f0d   Thumb Code    24  stm32f4xx_usart.o(.text)
    USART_DMACmd                             0x08001f25   Thumb Code    18  stm32f4xx_usart.o(.text)
    USART_ITConfig                           0x08001f37   Thumb Code    74  stm32f4xx_usart.o(.text)
    USART_GetFlagStatus                      0x08001f81   Thumb Code    26  stm32f4xx_usart.o(.text)
    USART_ClearFlag                          0x08001f9b   Thumb Code    18  stm32f4xx_usart.o(.text)
    USART_GetITStatus                        0x08001fad   Thumb Code   118  stm32f4xx_usart.o(.text)
    USART_ClearITPendingBit                  0x08002023   Thumb Code    30  stm32f4xx_usart.o(.text)
    delay_init                               0x08002041   Thumb Code    52  delay.o(.text)
    delay_us                                 0x08002075   Thumb Code    72  delay.o(.text)
    delay_xms                                0x080020bd   Thumb Code    72  delay.o(.text)
    delay_ms                                 0x08002105   Thumb Code    56  delay.o(.text)
    _sys_exit                                0x08002145   Thumb Code     4  usart.o(.text)
    fputc                                    0x08002149   Thumb Code    22  usart.o(.text)
    uart_init                                0x0800215f   Thumb Code   164  usart.o(.text)
    USART1_IRQHandler                        0x08002203   Thumb Code   122  usart.o(.text)
    KEY_Init                                 0x0800228d   Thumb Code    44  key.o(.text)
    BOMA_Init                                0x080022b9   Thumb Code    64  key.o(.text)
    KEY_Scan                                 0x080022f9   Thumb Code   202  key.o(.text)
    Mode_Switch                              0x080023c3   Thumb Code    44  key.o(.text)
    IIC_Init                                 0x080023fd   Thumb Code    60  myiic.o(.text)
    IIC_Start                                0x08002439   Thumb Code    68  myiic.o(.text)
    IIC_Stop                                 0x0800247d   Thumb Code    62  myiic.o(.text)
    IIC_Wait_Ack                             0x080024bb   Thumb Code    82  myiic.o(.text)
    IIC_Ack                                  0x0800250d   Thumb Code    66  myiic.o(.text)
    IIC_NAck                                 0x0800254f   Thumb Code    66  myiic.o(.text)
    IIC_Send_Byte                            0x08002591   Thumb Code    90  myiic.o(.text)
    IIC_Read_Byte                            0x080025eb   Thumb Code    94  myiic.o(.text)
    OLED_WR_Byte                             0x08002655   Thumb Code   112  oled.o(.text)
    OLED_Set_Pos                             0x080026c5   Thumb Code    46  oled.o(.text)
    OLED_Display_On                          0x080026f3   Thumb Code    28  oled.o(.text)
    OLED_Display_Off                         0x0800270f   Thumb Code    28  oled.o(.text)
    OLED_Clear                               0x0800272b   Thumb Code    64  oled.o(.text)
    OLED_ShowChar                            0x0800276b   Thumb Code   106  oled.o(.text)
    oled_pow                                 0x080027d5   Thumb Code    22  oled.o(.text)
    OLED_ShowNum                             0x080027eb   Thumb Code   132  oled.o(.text)
    OLED_ShowString                          0x0800286f   Thumb Code    54  oled.o(.text)
    OLED_ShowCHinese                         0x080028a5   Thumb Code    98  oled.o(.text)
    OLED_DrawBMP                             0x08002907   Thumb Code   118  oled.o(.text)
    OLED_Init                                0x0800297d   Thumb Code   450  oled.o(.text)
    TIM4_PWM_Init                            0x08002b41   Thumb Code   238  pwm.o(.text)
    TIM5_PWM_Init                            0x08002c2f   Thumb Code   236  pwm.o(.text)
    MPU_Write_Byte                           0x08002d2d   Thumb Code    68  mpu6050.o(.text)
    MPU_Set_LPF                              0x08002d71   Thumb Code    58  mpu6050.o(.text)
    MPU_Set_Rate                             0x08002dab   Thumb Code    58  mpu6050.o(.text)
    MPU_Read_Byte                            0x08002de5   Thumb Code    58  mpu6050.o(.text)
    MPU_Set_Accel_Fsr                        0x08002e1f   Thumb Code    16  mpu6050.o(.text)
    MPU_Set_Gyro_Fsr                         0x08002e2f   Thumb Code    16  mpu6050.o(.text)
    MPU_Init                                 0x08002e3f   Thumb Code   122  mpu6050.o(.text)
    MPU_Read_Len                             0x08002eb9   Thumb Code   116  mpu6050.o(.text)
    MPU_Get_Temperature                      0x08002f2d   Thumb Code   110  mpu6050.o(.text)
    MPU_Get_Gyroscope                        0x08002f9b   Thumb Code    80  mpu6050.o(.text)
    MPU_Get_Accelerometer                    0x08002feb   Thumb Code    80  mpu6050.o(.text)
    MPU_Write_Len                            0x0800303b   Thumb Code    96  mpu6050.o(.text)
    OLED_ShowAxis                            0x0800309b   Thumb Code   160  mpu6050.o(.text)
    mpu_reg_dump                             0x080031f7   Thumb Code    84  inv_mpu.o(.text)
    mpu_read_reg                             0x0800324b   Thumb Code    66  inv_mpu.o(.text)
    mpu_set_int_latched                      0x0800328d   Thumb Code   102  inv_mpu.o(.text)
    mpu_set_sensors                          0x080032f3   Thumb Code   202  inv_mpu.o(.text)
    mpu_set_bypass                           0x080033bd   Thumb Code   328  inv_mpu.o(.text)
    mpu_reset_fifo                           0x08003505   Thumb Code   472  inv_mpu.o(.text)
    mpu_configure_fifo                       0x080036dd   Thumb Code   106  inv_mpu.o(.text)
    mpu_set_lpf                              0x08003747   Thumb Code   126  inv_mpu.o(.text)
    mpu_lp_accel_mode                        0x080037c5   Thumb Code   218  inv_mpu.o(.text)
    mpu_set_sample_rate                      0x0800389f   Thumb Code   152  inv_mpu.o(.text)
    mpu_set_accel_fsr                        0x08003937   Thumb Code   132  inv_mpu.o(.text)
    mpu_set_gyro_fsr                         0x080039bb   Thumb Code   132  inv_mpu.o(.text)
    mpu_init                                 0x08003a3f   Thumb Code   416  inv_mpu.o(.text)
    mget_ms                                  0x08003bdf   Thumb Code     2  inv_mpu.o(.text)
    mpu_get_gyro_reg                         0x08003be1   Thumb Code   110  inv_mpu.o(.text)
    mpu_get_accel_reg                        0x08003c4f   Thumb Code   110  inv_mpu.o(.text)
    mpu_get_temperature                      0x08003cbd   Thumb Code   142  inv_mpu.o(.text)
    mpu_set_accel_bias                       0x08003d4b   Thumb Code   472  inv_mpu.o(.text)
    mpu_get_gyro_fsr                         0x08003f23   Thumb Code    64  inv_mpu.o(.text)
    mpu_get_accel_fsr                        0x08003f63   Thumb Code    72  inv_mpu.o(.text)
    mpu_get_lpf                              0x08003fab   Thumb Code    74  inv_mpu.o(.text)
    mpu_get_sample_rate                      0x08003ff5   Thumb Code    26  inv_mpu.o(.text)
    mpu_get_compass_sample_rate              0x0800400f   Thumb Code    10  inv_mpu.o(.text)
    mpu_set_compass_sample_rate              0x08004019   Thumb Code     8  inv_mpu.o(.text)
    mpu_get_gyro_sens                        0x08004021   Thumb Code    74  inv_mpu.o(.text)
    mpu_get_accel_sens                       0x0800406b   Thumb Code    78  inv_mpu.o(.text)
    mpu_get_fifo_config                      0x080040b9   Thumb Code    12  inv_mpu.o(.text)
    mpu_get_power_state                      0x080040c5   Thumb Code    22  inv_mpu.o(.text)
    mpu_get_int_status                       0x080040db   Thumb Code    64  inv_mpu.o(.text)
    mpu_read_fifo                            0x0800411b   Thumb Code   520  inv_mpu.o(.text)
    mpu_read_fifo_stream                     0x08004323   Thumb Code   186  inv_mpu.o(.text)
    mpu_set_int_level                        0x080043dd   Thumb Code    12  inv_mpu.o(.text)
    mpu_set_dmp_state                        0x08004aed   Thumb Code   138  inv_mpu.o(.text)
    mpu_run_self_test                        0x08004b77   Thumb Code   278  inv_mpu.o(.text)
    mpu_write_mem                            0x08004c8d   Thumb Code   122  inv_mpu.o(.text)
    mpu_read_mem                             0x08004d07   Thumb Code   122  inv_mpu.o(.text)
    mpu_load_firmware                        0x08004d81   Thumb Code   190  inv_mpu.o(.text)
    mpu_get_dmp_state                        0x08004e3f   Thumb Code    14  inv_mpu.o(.text)
    setup_compass                            0x08004e4d   Thumb Code     6  inv_mpu.o(.text)
    mpu_get_compass_reg                      0x08004e53   Thumb Code     8  inv_mpu.o(.text)
    mpu_get_compass_fsr                      0x08004e5b   Thumb Code     8  inv_mpu.o(.text)
    mpu_lp_motion_interrupt                  0x08004e63   Thumb Code   512  inv_mpu.o(.text)
    run_self_test                            0x08005063   Thumb Code   154  inv_mpu.o(.text)
    inv_row_2_scale                          0x080050fd   Thumb Code    78  inv_mpu.o(.text)
    inv_orientation_matrix_to_scalar         0x0800514b   Thumb Code    40  inv_mpu.o(.text)
    mpu_dmp_init                             0x08005173   Thumb Code   160  inv_mpu.o(.text)
    mpu_dmp_get_data                         0x08005213   Thumb Code   520  inv_mpu.o(.text)
    dmp_load_motion_driver_firmware          0x0800542d   Thumb Code    20  inv_mpu_dmp_motion_driver.o(.text)
    dmp_set_orientation                      0x08005441   Thumb Code   290  inv_mpu_dmp_motion_driver.o(.text)
    dmp_set_gyro_bias                        0x08005563   Thumb Code   294  inv_mpu_dmp_motion_driver.o(.text)
    dmp_set_accel_bias                       0x08005689   Thumb Code   300  inv_mpu_dmp_motion_driver.o(.text)
    dmp_set_fifo_rate                        0x080057b5   Thumb Code   136  inv_mpu_dmp_motion_driver.o(.text)
    dmp_get_fifo_rate                        0x0800583d   Thumb Code    12  inv_mpu_dmp_motion_driver.o(.text)
    dmp_set_tap_thresh                       0x08005849   Thumb Code   412  inv_mpu_dmp_motion_driver.o(.text)
    dmp_set_tap_axes                         0x080059e5   Thumb Code    70  inv_mpu_dmp_motion_driver.o(.text)
    dmp_set_tap_count                        0x08005a2b   Thumb Code    38  inv_mpu_dmp_motion_driver.o(.text)
    dmp_set_tap_time                         0x08005a51   Thumb Code    38  inv_mpu_dmp_motion_driver.o(.text)
    dmp_set_tap_time_multi                   0x08005a77   Thumb Code    38  inv_mpu_dmp_motion_driver.o(.text)
    dmp_set_shake_reject_thresh              0x08005a9d   Thumb Code    56  inv_mpu_dmp_motion_driver.o(.text)
    dmp_set_shake_reject_time                0x08005ad5   Thumb Code    38  inv_mpu_dmp_motion_driver.o(.text)
    dmp_set_shake_reject_timeout             0x08005afb   Thumb Code    38  inv_mpu_dmp_motion_driver.o(.text)
    dmp_get_pedometer_step_count             0x08005b21   Thumb Code    66  inv_mpu_dmp_motion_driver.o(.text)
    dmp_set_pedometer_step_count             0x08005b63   Thumb Code    42  inv_mpu_dmp_motion_driver.o(.text)
    dmp_get_pedometer_walk_time              0x08005b8d   Thumb Code    72  inv_mpu_dmp_motion_driver.o(.text)
    dmp_set_pedometer_walk_time              0x08005bd5   Thumb Code    48  inv_mpu_dmp_motion_driver.o(.text)
    dmp_enable_6x_lp_quat                    0x08005c05   Thumb Code   100  inv_mpu_dmp_motion_driver.o(.text)
    dmp_enable_lp_quat                       0x08005c69   Thumb Code    60  inv_mpu_dmp_motion_driver.o(.text)
    dmp_enable_gyro_cal                      0x08005ca5   Thumb Code    62  inv_mpu_dmp_motion_driver.o(.text)
    dmp_enable_feature                       0x08005ce3   Thumb Code   530  inv_mpu_dmp_motion_driver.o(.text)
    dmp_get_enabled_features                 0x08005ef5   Thumb Code    12  inv_mpu_dmp_motion_driver.o(.text)
    dmp_set_interrupt_mode                   0x08005f5f   Thumb Code    66  inv_mpu_dmp_motion_driver.o(.text)
    dmp_read_fifo                            0x08005fa1   Thumb Code   514  inv_mpu_dmp_motion_driver.o(.text)
    dmp_register_tap_cb                      0x080061a3   Thumb Code    10  inv_mpu_dmp_motion_driver.o(.text)
    dmp_register_android_orient_cb           0x080061ad   Thumb Code    10  inv_mpu_dmp_motion_driver.o(.text)
    Motor_Init                               0x080061bd   Thumb Code    60  motor_control.o(.text)
    MC_Forward                               0x080061f9   Thumb Code    28  motor_control.o(.text)
    MA_Backward                              0x08006215   Thumb Code    30  motor_control.o(.text)
    MC_Backward                              0x08006233   Thumb Code    28  motor_control.o(.text)
    MA_Forward                               0x0800624f   Thumb Code    30  motor_control.o(.text)
    MotorMove1                               0x0800626d   Thumb Code    70  motor_control.o(.text)
    MD_Forward                               0x080062b3   Thumb Code    30  motor_control.o(.text)
    MB_Backward                              0x080062d1   Thumb Code    30  motor_control.o(.text)
    MD_Backward                              0x080062ef   Thumb Code    30  motor_control.o(.text)
    MB_Forward                               0x0800630d   Thumb Code    30  motor_control.o(.text)
    MotorMove2                               0x0800632b   Thumb Code    70  motor_control.o(.text)
    MA_Stop                                  0x08006371   Thumb Code    26  motor_control.o(.text)
    MB_Stop                                  0x0800638b   Thumb Code    26  motor_control.o(.text)
    MC_Stop                                  0x080063a5   Thumb Code    24  motor_control.o(.text)
    MD_Stop                                  0x080063bd   Thumb Code    26  motor_control.o(.text)
    TIM3_GetData_Init                        0x080063e9   Thumb Code    88  timer.o(.text)
    TIM3_IRQHandler                          0x08006441   Thumb Code   206  timer.o(.text)
    MotorPID_Struct_Init                     0x08006525   Thumb Code   118  motor_pid.o(.text)
    PWM_Calc_M1                              0x0800659b   Thumb Code   224  motor_pid.o(.text)
    PWM_Calc_M2                              0x0800667b   Thumb Code   308  motor_pid.o(.text)
    Set_SetPoint_M1                          0x080067af   Thumb Code     8  motor_pid.o(.text)
    Set_Kp_M1                                0x080067b7   Thumb Code     8  motor_pid.o(.text)
    Set_Ki_M1                                0x080067bf   Thumb Code     8  motor_pid.o(.text)
    Set_Kd_M1                                0x080067c7   Thumb Code     8  motor_pid.o(.text)
    Set_SetPoint_M2                          0x080067cf   Thumb Code     8  motor_pid.o(.text)
    Set_Kp_M2                                0x080067d7   Thumb Code     8  motor_pid.o(.text)
    Set_Ki_M2                                0x080067df   Thumb Code     8  motor_pid.o(.text)
    Set_Kd_M2                                0x080067e7   Thumb Code     8  motor_pid.o(.text)
    Mode_1                                   0x080067ef   Thumb Code   386  motor_pid.o(.text)
    Mode_2                                   0x08006971   Thumb Code    36  motor_pid.o(.text)
    Mode_3                                   0x08006995   Thumb Code   526  motor_pid.o(.text)
    Mode_4                                   0x08006ba3   Thumb Code    68  motor_pid.o(.text)
    Mode_5                                   0x08006be7   Thumb Code   444  motor_pid.o(.text)
    DS18B20_Rst                              0x08006de5   Thumb Code    54  ds18b20.o(.text)
    DS18B20_Check                            0x08006e1b   Thumb Code    92  ds18b20.o(.text)
    DS18B20_Read_Bit                         0x08006e77   Thumb Code    92  ds18b20.o(.text)
    DS18B20_Read_Byte                        0x08006ed3   Thumb Code    34  ds18b20.o(.text)
    DS18B20_Write_Byte                       0x08006ef5   Thumb Code   102  ds18b20.o(.text)
    DS18B20_Start                            0x08006f5b   Thumb Code    24  ds18b20.o(.text)
    DS18B20_Init                             0x08006f73   Thumb Code    58  ds18b20.o(.text)
    DS18B20_Get_Temp                         0x08006fad   Thumb Code   122  ds18b20.o(.text)
    __use_no_semihosting                     0x0800703d   Thumb Code     2  use_no_semi_2.o(.text)
    __aeabi_ldivmod                          0x0800703f   Thumb Code     0  llsdiv.o(.text)
    _ll_sdiv                                 0x0800703f   Thumb Code    72  llsdiv.o(.text)
    __2printf                                0x08007089   Thumb Code    20  noretval__2printf.o(.text)
    __2sprintf                               0x080070a1   Thumb Code    34  noretval__2sprintf.o(.text)
    _printf_pre_padding                      0x080070c9   Thumb Code    44  _printf_pad.o(.text)
    _printf_post_padding                     0x080070f5   Thumb Code    34  _printf_pad.o(.text)
    _printf_int_dec                          0x08007119   Thumb Code   104  _printf_dec.o(.text)
    _printf_int_hex                          0x08007191   Thumb Code    84  _printf_hex_int.o(.text)
    _printf_longlong_hex                     0x08007191   Thumb Code     0  _printf_hex_int.o(.text)
    __printf                                 0x080071e9   Thumb Code   308  __printf_flags_wp.o(.text)
    memcmp                                   0x08007321   Thumb Code    88  memcmp.o(.text)
    __aeabi_memcpy4                          0x08007379   Thumb Code     0  rt_memcpy_w.o(.text)
    __aeabi_memcpy8                          0x08007379   Thumb Code     0  rt_memcpy_w.o(.text)
    __rt_memcpy_w                            0x08007379   Thumb Code   100  rt_memcpy_w.o(.text)
    _memcpy_lastbytes_aligned                0x080073c1   Thumb Code     0  rt_memcpy_w.o(.text)
    __aeabi_memset                           0x080073dd   Thumb Code    16  aeabi_memset.o(.text)
    __use_two_region_memory                  0x080073ed   Thumb Code     2  heapauxi.o(.text)
    __rt_heap_escrow$2region                 0x080073ef   Thumb Code     2  heapauxi.o(.text)
    __rt_heap_expand$2region                 0x080073f1   Thumb Code     2  heapauxi.o(.text)
    __I$use$semihosting                      0x080073f3   Thumb Code     0  use_no_semi.o(.text)
    __use_no_semihosting_swi                 0x080073f3   Thumb Code     2  use_no_semi.o(.text)
    __aeabi_uldivmod                         0x080073f5   Thumb Code     0  lludivv7m.o(.text)
    _ll_udiv                                 0x080073f5   Thumb Code   238  lludivv7m.o(.text)
    __read_errno                             0x080074e3   Thumb Code    10  _rserrno.o(.text)
    __set_errno                              0x080074ed   Thumb Code    12  _rserrno.o(.text)
    _printf_int_common                       0x080074f9   Thumb Code   178  _printf_intcommon.o(.text)
    __lib_sel_fp_printf                      0x080075ab   Thumb Code     2  _printf_fp_dec.o(.text)
    _printf_fp_dec_real                      0x08007759   Thumb Code   620  _printf_fp_dec.o(.text)
    _printf_char_common                      0x080079cf   Thumb Code    32  _printf_char_common.o(.text)
    _sputc                                   0x080079f5   Thumb Code    10  _sputc.o(.text)
    _printf_char_file                        0x08007a01   Thumb Code    32  _printf_char_file.o(.text)
    __aeabi_memclr                           0x08007a25   Thumb Code     0  rt_memclr.o(.text)
    __rt_memclr                              0x08007a25   Thumb Code    68  rt_memclr.o(.text)
    _memset                                  0x08007a29   Thumb Code     0  rt_memclr.o(.text)
    __rt_locale                              0x08007a69   Thumb Code     8  rt_locale_intlibspace.o(.text)
    __aeabi_errno_addr                       0x08007a71   Thumb Code     8  rt_errno_addr_intlibspace.o(.text)
    __errno$intlibspace                      0x08007a71   Thumb Code     0  rt_errno_addr_intlibspace.o(.text)
    __rt_errno_addr$intlibspace              0x08007a71   Thumb Code     0  rt_errno_addr_intlibspace.o(.text)
    _ll_udiv10                               0x08007a79   Thumb Code   138  lludiv10.o(.text)
    _printf_fp_infnan                        0x08007b05   Thumb Code   112  _printf_fp_infnan.o(.text)
    _btod_etento                             0x08007b85   Thumb Code   216  bigflt0.o(.text)
    ferror                                   0x08007c61   Thumb Code     8  ferror.o(.text)
    __aeabi_memclr4                          0x08007c69   Thumb Code     0  rt_memclr_w.o(.text)
    __aeabi_memclr8                          0x08007c69   Thumb Code     0  rt_memclr_w.o(.text)
    __rt_memclr_w                            0x08007c69   Thumb Code    78  rt_memclr_w.o(.text)
    _memset_w                                0x08007c6d   Thumb Code     0  rt_memclr_w.o(.text)
    __user_libspace                          0x08007cb9   Thumb Code     8  libspace.o(.text)
    __user_perproc_libspace                  0x08007cb9   Thumb Code     0  libspace.o(.text)
    __user_perthread_libspace                0x08007cb9   Thumb Code     0  libspace.o(.text)
    __user_setup_stackheap                   0x08007cc1   Thumb Code    74  sys_stackheap_outer.o(.text)
    exit                                     0x08007d0b   Thumb Code    18  exit.o(.text)
    strcmp                                   0x08007d1d   Thumb Code   128  strcmpv7m.o(.text)
    _btod_d2e                                0x08007d9d   Thumb Code    62  btod.o(CL$$btod_d2e)
    _d2e_denorm_low                          0x08007ddb   Thumb Code    70  btod.o(CL$$btod_d2e_denorm_low)
    _d2e_norm_op1                            0x08007e21   Thumb Code    96  btod.o(CL$$btod_d2e_norm_op1)
    __btod_div_common                        0x08007e81   Thumb Code   696  btod.o(CL$$btod_div_common)
    _e2e                                     0x080081b9   Thumb Code   198  btod.o(CL$$btod_e2e)
    _btod_ediv                               0x0800827f   Thumb Code    40  btod.o(CL$$btod_ediv)
    _btod_emul                               0x080082a7   Thumb Code    40  btod.o(CL$$btod_emul)
    __btod_mult_common                       0x080082cf   Thumb Code   580  btod.o(CL$$btod_mult_common)
    __ARM_fpclassify                         0x08008513   Thumb Code    48  fpclassify.o(i.__ARM_fpclassify)
    __hardfp_asin                            0x08008549   Thumb Code   770  asin.o(i.__hardfp_asin)
    __hardfp_atan                            0x080088a9   Thumb Code   622  atan.o(i.__hardfp_atan)
    __hardfp_atan2                           0x08008b81   Thumb Code   432  atan2.o(i.__hardfp_atan2)
    __hardfp_cos                             0x08008d71   Thumb Code   180  cos.o(i.__hardfp_cos)
    __hardfp_sin                             0x08008e39   Thumb Code   180  sin.o(i.__hardfp_sin)
    __ieee754_rem_pio2                       0x08008f01   Thumb Code   938  rred.o(i.__ieee754_rem_pio2)
    __kernel_cos                             0x08009339   Thumb Code   322  cos_i.o(i.__kernel_cos)
    __kernel_poly                            0x080094a9   Thumb Code   248  poly.o(i.__kernel_poly)
    __kernel_sin                             0x080095a1   Thumb Code   280  sin_i.o(i.__kernel_sin)
    __mathlib_dbl_infnan                     0x080096d1   Thumb Code    20  dunder.o(i.__mathlib_dbl_infnan)
    __mathlib_dbl_infnan2                    0x080096e5   Thumb Code    20  dunder.o(i.__mathlib_dbl_infnan2)
    __mathlib_dbl_invalid                    0x080096f9   Thumb Code    24  dunder.o(i.__mathlib_dbl_invalid)
    __mathlib_dbl_underflow                  0x08009719   Thumb Code    24  dunder.o(i.__mathlib_dbl_underflow)
    _is_digit                                0x08009739   Thumb Code    14  __printf_wp.o(i._is_digit)
    atan                                     0x08009747   Thumb Code    16  atan.o(i.atan)
    fabs                                     0x08009757   Thumb Code    24  fabs.o(i.fabs)
    sqrt                                     0x0800976f   Thumb Code   110  sqrt.o(i.sqrt)
    _get_lc_numeric                          0x080097dd   Thumb Code    44  lc_numeric_c.o(locale$$code)
    __aeabi_dneg                             0x08009809   Thumb Code     0  basic.o(x$fpl$basic)
    _dneg                                    0x08009809   Thumb Code     6  basic.o(x$fpl$basic)
    __aeabi_fneg                             0x0800980f   Thumb Code     0  basic.o(x$fpl$basic)
    _fneg                                    0x0800980f   Thumb Code     6  basic.o(x$fpl$basic)
    _dabs                                    0x08009815   Thumb Code     6  basic.o(x$fpl$basic)
    _fabs                                    0x0800981b   Thumb Code     6  basic.o(x$fpl$basic)
    __aeabi_d2f                              0x08009821   Thumb Code     0  d2f.o(x$fpl$d2f)
    _d2f                                     0x08009821   Thumb Code    98  d2f.o(x$fpl$d2f)
    __aeabi_dadd                             0x08009885   Thumb Code     0  daddsub_clz.o(x$fpl$dadd)
    _dadd                                    0x08009885   Thumb Code   332  daddsub_clz.o(x$fpl$dadd)
    __fpl_dcmp_Inf                           0x080099d5   Thumb Code    24  dcmpi.o(x$fpl$dcmpinf)
    __aeabi_ddiv                             0x080099ed   Thumb Code     0  ddiv.o(x$fpl$ddiv)
    _ddiv                                    0x080099ed   Thumb Code   552  ddiv.o(x$fpl$ddiv)
    __aeabi_d2iz                             0x08009c9d   Thumb Code     0  dfix.o(x$fpl$dfix)
    _dfix                                    0x08009c9d   Thumb Code    94  dfix.o(x$fpl$dfix)
    __aeabi_i2d                              0x08009cfb   Thumb Code     0  dflt_clz.o(x$fpl$dflt)
    _dflt                                    0x08009cfb   Thumb Code    46  dflt_clz.o(x$fpl$dflt)
    __aeabi_ui2d                             0x08009d29   Thumb Code     0  dflt_clz.o(x$fpl$dfltu)
    _dfltu                                   0x08009d29   Thumb Code    38  dflt_clz.o(x$fpl$dfltu)
    __aeabi_cdcmple                          0x08009d51   Thumb Code     0  dleqf.o(x$fpl$dleqf)
    _dcmple                                  0x08009d51   Thumb Code   120  dleqf.o(x$fpl$dleqf)
    __fpl_dcmple_InfNaN                      0x08009db3   Thumb Code     0  dleqf.o(x$fpl$dleqf)
    __aeabi_dmul                             0x08009dc9   Thumb Code     0  dmul.o(x$fpl$dmul)
    _dmul                                    0x08009dc9   Thumb Code   332  dmul.o(x$fpl$dmul)
    __fpl_dnaninf                            0x08009f1d   Thumb Code   156  dnaninf.o(x$fpl$dnaninf)
    __fpl_dretinf                            0x08009fb9   Thumb Code    12  dretinf.o(x$fpl$dretinf)
    __aeabi_cdrcmple                         0x08009fc5   Thumb Code     0  drleqf.o(x$fpl$drleqf)
    _drcmple                                 0x08009fc5   Thumb Code   108  drleqf.o(x$fpl$drleqf)
    __aeabi_drsub                            0x0800a031   Thumb Code     0  daddsub_clz.o(x$fpl$drsb)
    _drsb                                    0x0800a031   Thumb Code    22  daddsub_clz.o(x$fpl$drsb)
    _dsqrt                                   0x0800a049   Thumb Code   404  dsqrt_umaal.o(x$fpl$dsqrt)
    __aeabi_dsub                             0x0800a1e1   Thumb Code     0  daddsub_clz.o(x$fpl$dsub)
    _dsub                                    0x0800a1e1   Thumb Code   464  daddsub_clz.o(x$fpl$dsub)
    __aeabi_f2d                              0x0800a3b5   Thumb Code     0  f2d.o(x$fpl$f2d)
    _f2d                                     0x0800a3b5   Thumb Code    86  f2d.o(x$fpl$f2d)
    __fpl_fnaninf                            0x0800a40b   Thumb Code   140  fnaninf.o(x$fpl$fnaninf)
    _fp_init                                 0x0800a497   Thumb Code    10  fpinit.o(x$fpl$fpinit)
    __fplib_config_fpu_vfp                   0x0800a49f   Thumb Code     0  fpinit.o(x$fpl$fpinit)
    __fplib_config_pureend_doubles           0x0800a49f   Thumb Code     0  fpinit.o(x$fpl$fpinit)
    __fpl_fretinf                            0x0800a4a1   Thumb Code    10  fretinf.o(x$fpl$fretinf)
    _printf_fp_dec                           0x0800a4ab   Thumb Code     4  printf1.o(x$fpl$printf1)
    F6x8                                     0x0800a4ae   Data         552  oled.o(.constdata)
    __I$use$fp                               0x0800a4ae   Number         0  usenofp.o(x$fpl$usenofp)
    F8X16                                    0x0800a6d6   Data        1520  oled.o(.constdata)
    reg                                      0x0800acc8   Data          27  inv_mpu.o(.constdata)
    hw                                       0x0800ace4   Data          12  inv_mpu.o(.constdata)
    test                                     0x0800acf0   Data          40  inv_mpu.o(.constdata)
    __mathlib_zero                           0x0800ba78   Data           8  qnan.o(.constdata)
    Region$$Table$$Base                      0x0800bc54   Number         0  anon$$obj.o(Region$$Table)
    Region$$Table$$Limit                     0x0800bc74   Number         0  anon$$obj.o(Region$$Table)
    mode                                     0x20000000   Data           4  main.o(.data)
    SystemCoreClock                          0x20000004   Data           4  system_stm32f4xx.o(.data)
    AHBPrescTable                            0x20000008   Data          16  system_stm32f4xx.o(.data)
    __stdout                                 0x2000002c   Data           4  usart.o(.data)
    USART_RX_STA                             0x20000030   Data           2  usart.o(.data)
    Hzk                                      0x20000033   Data         128  oled.o(.data)
    M1                                       0x200000f8   Data          64  main.o(.bss)
    M2                                       0x20000138   Data          64  main.o(.bss)
    EulerAngle                               0x20000178   Data          12  main.o(.bss)
    USART_RX_BUF                             0x20000184   Data         200  usart.o(.bss)
    M1PID                                    0x20000260   Data          40  motor_pid.o(.bss)
    M2PID                                    0x20000288   Data          40  motor_pid.o(.bss)
    __libspace_start                         0x200002b0   Data          96  libspace.o(.bss)
    __temporary_stack_top$libspace           0x20000310   Data           0  libspace.o(.bss)



==============================================================================

Memory Map of the image

  Image Entry point : 0x08000189

  Load Region LR_IROM1 (Base: 0x08000000, Size: 0x0000bd88, Max: 0x00100000, ABSOLUTE)

    Execution Region ER_IROM1 (Base: 0x08000000, Size: 0x0000bc90, Max: 0x00100000, ABSOLUTE)

    Base Addr    Size         Type   Attr      Idx    E Section Name        Object

    0x08000000   0x00000188   Data   RO          229    RESET               startup_stm32f40_41xxx.o
    0x08000188   0x00000008   Code   RO         1427  * !!!main             c_w.l(__main.o)
    0x08000190   0x00000034   Code   RO         1825    !!!scatter          c_w.l(__scatter.o)
    0x080001c4   0x0000001a   Code   RO         1827    !!handler_copy      c_w.l(__scatter_copy.o)
    0x080001de   0x00000002   PAD
    0x080001e0   0x0000001c   Code   RO         1829    !!handler_zi        c_w.l(__scatter_zi.o)
    0x080001fc   0x00000000   Code   RO         1418    .ARM.Collect$$_printf_percent$$00000000  c_w.l(_printf_percent.o)
    0x080001fc   0x00000006   Code   RO         1417    .ARM.Collect$$_printf_percent$$00000003  c_w.l(_printf_f.o)
    0x08000202   0x00000006   Code   RO         1416    .ARM.Collect$$_printf_percent$$00000009  c_w.l(_printf_d.o)
    0x08000208   0x00000006   Code   RO         1415    .ARM.Collect$$_printf_percent$$0000000C  c_w.l(_printf_x.o)
    0x0800020e   0x00000004   Code   RO         1542    .ARM.Collect$$_printf_percent$$00000017  c_w.l(_printf_percent_end.o)
    0x08000212   0x00000002   Code   RO         1698    .ARM.Collect$$libinit$$00000000  c_w.l(libinit.o)
    0x08000214   0x00000004   Code   RO         1699    .ARM.Collect$$libinit$$00000001  c_w.l(libinit2.o)
    0x08000218   0x00000000   Code   RO         1702    .ARM.Collect$$libinit$$00000004  c_w.l(libinit2.o)
    0x08000218   0x00000000   Code   RO         1705    .ARM.Collect$$libinit$$0000000A  c_w.l(libinit2.o)
    0x08000218   0x00000000   Code   RO         1707    .ARM.Collect$$libinit$$0000000C  c_w.l(libinit2.o)
    0x08000218   0x00000000   Code   RO         1709    .ARM.Collect$$libinit$$0000000E  c_w.l(libinit2.o)
    0x08000218   0x00000006   Code   RO         1710    .ARM.Collect$$libinit$$0000000F  c_w.l(libinit2.o)
    0x0800021e   0x00000000   Code   RO         1712    .ARM.Collect$$libinit$$00000011  c_w.l(libinit2.o)
    0x0800021e   0x00000000   Code   RO         1714    .ARM.Collect$$libinit$$00000013  c_w.l(libinit2.o)
    0x0800021e   0x00000000   Code   RO         1716    .ARM.Collect$$libinit$$00000015  c_w.l(libinit2.o)
    0x0800021e   0x0000000a   Code   RO         1717    .ARM.Collect$$libinit$$00000016  c_w.l(libinit2.o)
    0x08000228   0x00000000   Code   RO         1718    .ARM.Collect$$libinit$$00000017  c_w.l(libinit2.o)
    0x08000228   0x00000000   Code   RO         1720    .ARM.Collect$$libinit$$00000019  c_w.l(libinit2.o)
    0x08000228   0x00000000   Code   RO         1722    .ARM.Collect$$libinit$$0000001B  c_w.l(libinit2.o)
    0x08000228   0x00000000   Code   RO         1724    .ARM.Collect$$libinit$$0000001D  c_w.l(libinit2.o)
    0x08000228   0x00000000   Code   RO         1726    .ARM.Collect$$libinit$$0000001F  c_w.l(libinit2.o)
    0x08000228   0x00000000   Code   RO         1728    .ARM.Collect$$libinit$$00000021  c_w.l(libinit2.o)
    0x08000228   0x00000000   Code   RO         1730    .ARM.Collect$$libinit$$00000023  c_w.l(libinit2.o)
    0x08000228   0x00000000   Code   RO         1732    .ARM.Collect$$libinit$$00000025  c_w.l(libinit2.o)
    0x08000228   0x00000000   Code   RO         1736    .ARM.Collect$$libinit$$0000002C  c_w.l(libinit2.o)
    0x08000228   0x00000000   Code   RO         1738    .ARM.Collect$$libinit$$0000002E  c_w.l(libinit2.o)
    0x08000228   0x00000000   Code   RO         1740    .ARM.Collect$$libinit$$00000030  c_w.l(libinit2.o)
    0x08000228   0x00000000   Code   RO         1742    .ARM.Collect$$libinit$$00000032  c_w.l(libinit2.o)
    0x08000228   0x00000002   Code   RO         1743    .ARM.Collect$$libinit$$00000033  c_w.l(libinit2.o)
    0x0800022a   0x00000002   Code   RO         1785    .ARM.Collect$$libshutdown$$00000000  c_w.l(libshutdown.o)
    0x0800022c   0x00000000   Code   RO         1794    .ARM.Collect$$libshutdown$$00000002  c_w.l(libshutdown2.o)
    0x0800022c   0x00000000   Code   RO         1796    .ARM.Collect$$libshutdown$$00000004  c_w.l(libshutdown2.o)
    0x0800022c   0x00000000   Code   RO         1799    .ARM.Collect$$libshutdown$$00000007  c_w.l(libshutdown2.o)
    0x0800022c   0x00000000   Code   RO         1802    .ARM.Collect$$libshutdown$$0000000A  c_w.l(libshutdown2.o)
    0x0800022c   0x00000000   Code   RO         1804    .ARM.Collect$$libshutdown$$0000000C  c_w.l(libshutdown2.o)
    0x0800022c   0x00000000   Code   RO         1807    .ARM.Collect$$libshutdown$$0000000F  c_w.l(libshutdown2.o)
    0x0800022c   0x00000002   Code   RO         1808    .ARM.Collect$$libshutdown$$00000010  c_w.l(libshutdown2.o)
    0x0800022e   0x00000000   Code   RO         1527    .ARM.Collect$$rtentry$$00000000  c_w.l(__rtentry.o)
    0x0800022e   0x00000000   Code   RO         1610    .ARM.Collect$$rtentry$$00000002  c_w.l(__rtentry2.o)
    0x0800022e   0x00000006   Code   RO         1622    .ARM.Collect$$rtentry$$00000004  c_w.l(__rtentry4.o)
    0x08000234   0x00000000   Code   RO         1612    .ARM.Collect$$rtentry$$00000009  c_w.l(__rtentry2.o)
    0x08000234   0x00000004   Code   RO         1613    .ARM.Collect$$rtentry$$0000000A  c_w.l(__rtentry2.o)
    0x08000238   0x00000000   Code   RO         1615    .ARM.Collect$$rtentry$$0000000C  c_w.l(__rtentry2.o)
    0x08000238   0x00000008   Code   RO         1616    .ARM.Collect$$rtentry$$0000000D  c_w.l(__rtentry2.o)
    0x08000240   0x00000002   Code   RO         1744    .ARM.Collect$$rtexit$$00000000  c_w.l(rtexit.o)
    0x08000242   0x00000000   Code   RO         1755    .ARM.Collect$$rtexit$$00000002  c_w.l(rtexit2.o)
    0x08000242   0x00000004   Code   RO         1756    .ARM.Collect$$rtexit$$00000003  c_w.l(rtexit2.o)
    0x08000246   0x00000006   Code   RO         1757    .ARM.Collect$$rtexit$$00000004  c_w.l(rtexit2.o)
    0x0800024c   0x000000c0   Code   RO            3    .text               main.o
    0x0800030c   0x0000001a   Code   RO          180    .text               stm32f4xx_it.o
    0x08000326   0x00000002   PAD
    0x08000328   0x00000210   Code   RO          203    .text               system_stm32f4xx.o
    0x08000538   0x00000040   Code   RO          230    .text               startup_stm32f40_41xxx.o
    0x08000578   0x000000e0   Code   RO          236    .text               misc.o
    0x08000658   0x00000294   Code   RO          611    .text               stm32f4xx_gpio.o
    0x080008ec   0x0000065c   Code   RO          774    .text               stm32f4xx_rcc.o
    0x08000f48   0x00000ca2   Code   RO          919    .text               stm32f4xx_tim.o
    0x08001bea   0x00000002   PAD
    0x08001bec   0x00000454   Code   RO          939    .text               stm32f4xx_usart.o
    0x08002040   0x00000104   Code   RO          979    .text               delay.o
    0x08002144   0x00000148   Code   RO         1019    .text               usart.o
    0x0800228c   0x00000170   Code   RO         1070    .text               key.o
    0x080023fc   0x00000258   Code   RO         1091    .text               myiic.o
    0x08002654   0x000004ea   Code   RO         1111    .text               oled.o
    0x08002b3e   0x00000002   PAD
    0x08002b40   0x000001ec   Code   RO         1138    .text               pwm.o
    0x08002d2c   0x00000440   Code   RO         1158    .text               mpu6050.o
    0x0800316c   0x000022c0   Code   RO         1189    .text               inv_mpu.o
    0x0800542c   0x00000d90   Code   RO         1227    .text               inv_mpu_dmp_motion_driver.o
    0x080061bc   0x0000022c   Code   RO         1260    .text               motor_control.o
    0x080063e8   0x0000013c   Code   RO         1283    .text               timer.o
    0x08006524   0x000008c0   Code   RO         1310    .text               motor_pid.o
    0x08006de4   0x00000258   Code   RO         1336    .text               ds18b20.o
    0x0800703c   0x00000002   Code   RO         1356    .text               c_w.l(use_no_semi_2.o)
    0x0800703e   0x00000048   Code   RO         1358    .text               c_w.l(llsdiv.o)
    0x08007086   0x00000002   PAD
    0x08007088   0x00000018   Code   RO         1364    .text               c_w.l(noretval__2printf.o)
    0x080070a0   0x00000028   Code   RO         1366    .text               c_w.l(noretval__2sprintf.o)
    0x080070c8   0x0000004e   Code   RO         1370    .text               c_w.l(_printf_pad.o)
    0x08007116   0x00000002   PAD
    0x08007118   0x00000078   Code   RO         1372    .text               c_w.l(_printf_dec.o)
    0x08007190   0x00000058   Code   RO         1377    .text               c_w.l(_printf_hex_int.o)
    0x080071e8   0x00000138   Code   RO         1407    .text               c_w.l(__printf_flags_wp.o)
    0x08007320   0x00000058   Code   RO         1419    .text               c_w.l(memcmp.o)
    0x08007378   0x00000064   Code   RO         1421    .text               c_w.l(rt_memcpy_w.o)
    0x080073dc   0x00000010   Code   RO         1423    .text               c_w.l(aeabi_memset.o)
    0x080073ec   0x00000006   Code   RO         1425    .text               c_w.l(heapauxi.o)
    0x080073f2   0x00000002   Code   RO         1525    .text               c_w.l(use_no_semi.o)
    0x080073f4   0x000000ee   Code   RO         1528    .text               c_w.l(lludivv7m.o)
    0x080074e2   0x00000016   Code   RO         1530    .text               c_w.l(_rserrno.o)
    0x080074f8   0x000000b2   Code   RO         1532    .text               c_w.l(_printf_intcommon.o)
    0x080075aa   0x0000041a   Code   RO         1534    .text               c_w.l(_printf_fp_dec.o)
    0x080079c4   0x00000030   Code   RO         1536    .text               c_w.l(_printf_char_common.o)
    0x080079f4   0x0000000a   Code   RO         1538    .text               c_w.l(_sputc.o)
    0x080079fe   0x00000002   PAD
    0x08007a00   0x00000024   Code   RO         1540    .text               c_w.l(_printf_char_file.o)
    0x08007a24   0x00000044   Code   RO         1543    .text               c_w.l(rt_memclr.o)
    0x08007a68   0x00000008   Code   RO         1631    .text               c_w.l(rt_locale_intlibspace.o)
    0x08007a70   0x00000008   Code   RO         1636    .text               c_w.l(rt_errno_addr_intlibspace.o)
    0x08007a78   0x0000008a   Code   RO         1638    .text               c_w.l(lludiv10.o)
    0x08007b02   0x00000002   PAD
    0x08007b04   0x00000080   Code   RO         1640    .text               c_w.l(_printf_fp_infnan.o)
    0x08007b84   0x000000dc   Code   RO         1644    .text               c_w.l(bigflt0.o)
    0x08007c60   0x00000008   Code   RO         1669    .text               c_w.l(ferror.o)
    0x08007c68   0x0000004e   Code   RO         1676    .text               c_w.l(rt_memclr_w.o)
    0x08007cb6   0x00000002   PAD
    0x08007cb8   0x00000008   Code   RO         1682    .text               c_w.l(libspace.o)
    0x08007cc0   0x0000004a   Code   RO         1685    .text               c_w.l(sys_stackheap_outer.o)
    0x08007d0a   0x00000012   Code   RO         1689    .text               c_w.l(exit.o)
    0x08007d1c   0x00000080   Code   RO         1691    .text               c_w.l(strcmpv7m.o)
    0x08007d9c   0x0000003e   Code   RO         1647    CL$$btod_d2e        c_w.l(btod.o)
    0x08007dda   0x00000046   Code   RO         1649    CL$$btod_d2e_denorm_low  c_w.l(btod.o)
    0x08007e20   0x00000060   Code   RO         1648    CL$$btod_d2e_norm_op1  c_w.l(btod.o)
    0x08007e80   0x00000338   Code   RO         1657    CL$$btod_div_common  c_w.l(btod.o)
    0x080081b8   0x000000c6   Code   RO         1654    CL$$btod_e2e        c_w.l(btod.o)
    0x0800827e   0x00000028   Code   RO         1651    CL$$btod_ediv       c_w.l(btod.o)
    0x080082a6   0x00000028   Code   RO         1650    CL$$btod_emul       c_w.l(btod.o)
    0x080082ce   0x00000244   Code   RO         1656    CL$$btod_mult_common  c_w.l(btod.o)
    0x08008512   0x00000030   Code   RO         1581    i.__ARM_fpclassify  m_wm.l(fpclassify.o)
    0x08008542   0x00000006   PAD
    0x08008548   0x00000360   Code   RO         1461    i.__hardfp_asin     m_wm.l(asin.o)
    0x080088a8   0x000002d8   Code   RO         1475    i.__hardfp_atan     m_wm.l(atan.o)
    0x08008b80   0x000001f0   Code   RO         1489    i.__hardfp_atan2    m_wm.l(atan2.o)
    0x08008d70   0x000000c8   Code   RO         1501    i.__hardfp_cos      m_wm.l(cos.o)
    0x08008e38   0x000000c8   Code   RO         1513    i.__hardfp_sin      m_wm.l(sin.o)
    0x08008f00   0x00000438   Code   RO         1586    i.__ieee754_rem_pio2  m_wm.l(rred.o)
    0x08009338   0x00000170   Code   RO         1558    i.__kernel_cos      m_wm.l(cos_i.o)
    0x080094a8   0x000000f8   Code   RO         1583    i.__kernel_poly     m_wm.l(poly.o)
    0x080095a0   0x00000130   Code   RO         1591    i.__kernel_sin      m_wm.l(sin_i.o)
    0x080096d0   0x00000014   Code   RO         1562    i.__mathlib_dbl_infnan  m_wm.l(dunder.o)
    0x080096e4   0x00000014   Code   RO         1563    i.__mathlib_dbl_infnan2  m_wm.l(dunder.o)
    0x080096f8   0x00000020   Code   RO         1564    i.__mathlib_dbl_invalid  m_wm.l(dunder.o)
    0x08009718   0x00000020   Code   RO         1567    i.__mathlib_dbl_underflow  m_wm.l(dunder.o)
    0x08009738   0x0000000e   Code   RO         1405    i._is_digit         c_w.l(__printf_wp.o)
    0x08009746   0x00000010   Code   RO         1477    i.atan              m_wm.l(atan.o)
    0x08009756   0x00000018   Code   RO         1577    i.fabs              m_wm.l(fabs.o)
    0x0800976e   0x0000006e   Code   RO         1599    i.sqrt              m_wm.l(sqrt.o)
    0x080097dc   0x0000002c   Code   RO         1674    locale$$code        c_w.l(lc_numeric_c.o)
    0x08009808   0x00000018   Code   RO         1545    x$fpl$basic         fz_wm.l(basic.o)
    0x08009820   0x00000062   Code   RO         1429    x$fpl$d2f           fz_wm.l(d2f.o)
    0x08009882   0x00000002   PAD
    0x08009884   0x00000150   Code   RO         1431    x$fpl$dadd          fz_wm.l(daddsub_clz.o)
    0x080099d4   0x00000018   Code   RO         1547    x$fpl$dcmpinf       fz_wm.l(dcmpi.o)
    0x080099ec   0x000002b0   Code   RO         1438    x$fpl$ddiv          fz_wm.l(ddiv.o)
    0x08009c9c   0x0000005e   Code   RO         1441    x$fpl$dfix          fz_wm.l(dfix.o)
    0x08009cfa   0x0000002e   Code   RO         1446    x$fpl$dflt          fz_wm.l(dflt_clz.o)
    0x08009d28   0x00000026   Code   RO         1445    x$fpl$dfltu         fz_wm.l(dflt_clz.o)
    0x08009d4e   0x00000002   PAD
    0x08009d50   0x00000078   Code   RO         1451    x$fpl$dleqf         fz_wm.l(dleqf.o)
    0x08009dc8   0x00000154   Code   RO         1453    x$fpl$dmul          fz_wm.l(dmul.o)
    0x08009f1c   0x0000009c   Code   RO         1549    x$fpl$dnaninf       fz_wm.l(dnaninf.o)
    0x08009fb8   0x0000000c   Code   RO         1551    x$fpl$dretinf       fz_wm.l(dretinf.o)
    0x08009fc4   0x0000006c   Code   RO         1455    x$fpl$drleqf        fz_wm.l(drleqf.o)
    0x0800a030   0x00000016   Code   RO         1432    x$fpl$drsb          fz_wm.l(daddsub_clz.o)
    0x0800a046   0x00000002   PAD
    0x0800a048   0x00000198   Code   RO         1678    x$fpl$dsqrt         fz_wm.l(dsqrt_umaal.o)
    0x0800a1e0   0x000001d4   Code   RO         1433    x$fpl$dsub          fz_wm.l(daddsub_clz.o)
    0x0800a3b4   0x00000056   Code   RO         1457    x$fpl$f2d           fz_wm.l(f2d.o)
    0x0800a40a   0x0000008c   Code   RO         1553    x$fpl$fnaninf       fz_wm.l(fnaninf.o)
    0x0800a496   0x0000000a   Code   RO         1752    x$fpl$fpinit        fz_wm.l(fpinit.o)
    0x0800a4a0   0x0000000a   Code   RO         1555    x$fpl$fretinf       fz_wm.l(fretinf.o)
    0x0800a4aa   0x00000004   Code   RO         1459    x$fpl$printf1       fz_wm.l(printf1.o)
    0x0800a4ae   0x00000000   Code   RO         1557    x$fpl$usenofp       fz_wm.l(usenofp.o)
    0x0800a4ae   0x00000818   Data   RO         1112    .constdata          oled.o
    0x0800acc6   0x00000002   PAD
    0x0800acc8   0x00000050   Data   RO         1190    .constdata          inv_mpu.o
    0x0800ad18   0x00000bf6   Data   RO         1229    .constdata          inv_mpu_dmp_motion_driver.o
    0x0800b90e   0x00000002   PAD
    0x0800b910   0x00000014   Data   RO         1312    .constdata          motor_pid.o
    0x0800b924   0x00000028   Data   RO         1378    .constdata          c_w.l(_printf_hex_int.o)
    0x0800b94c   0x00000011   Data   RO         1408    .constdata          c_w.l(__printf_flags_wp.o)
    0x0800b95d   0x00000003   PAD
    0x0800b960   0x00000050   Data   RO         1464    .constdata          m_wm.l(asin.o)
    0x0800b9b0   0x00000098   Data   RO         1478    .constdata          m_wm.l(atan.o)
    0x0800ba48   0x00000030   Data   RO         1559    .constdata          m_wm.l(cos_i.o)
    0x0800ba78   0x00000008   Data   RO         1585    .constdata          m_wm.l(qnan.o)
    0x0800ba80   0x000000c8   Data   RO         1588    .constdata          m_wm.l(rred.o)
    0x0800bb48   0x00000028   Data   RO         1592    .constdata          m_wm.l(sin_i.o)
    0x0800bb70   0x00000094   Data   RO         1645    .constdata          c_w.l(bigflt0.o)
    0x0800bc04   0x0000004d   Data   RO         1191    .conststring        inv_mpu.o
    0x0800bc51   0x00000003   PAD
    0x0800bc54   0x00000020   Data   RO         1823    Region$$Table       anon$$obj.o
    0x0800bc74   0x0000001c   Data   RO         1673    locale$$data        c_w.l(lc_numeric_c.o)


    Execution Region RW_IRAM1 (Base: 0x20000000, Size: 0x00000910, Max: 0x00020000, ABSOLUTE)

    Base Addr    Size         Type   Attr      Idx    E Section Name        Object

    0x20000000   0x00000004   Data   RW            5    .data               main.o
    0x20000004   0x00000014   Data   RW          204    .data               system_stm32f4xx.o
    0x20000018   0x00000010   Data   RW          775    .data               stm32f4xx_rcc.o
    0x20000028   0x00000004   Data   RW          980    .data               delay.o
    0x2000002c   0x00000006   Data   RW         1021    .data               usart.o
    0x20000032   0x00000001   Data   RW         1071    .data               key.o
    0x20000033   0x00000080   Data   RW         1113    .data               oled.o
    0x200000b3   0x00000001   PAD
    0x200000b4   0x00000035   Data   RW         1192    .data               inv_mpu.o
    0x200000e9   0x00000003   PAD
    0x200000ec   0x0000000c   Data   RW         1313    .data               motor_pid.o
    0x200000f8   0x0000008c   Zero   RW            4    .bss                main.o
    0x20000184   0x000000c8   Zero   RW         1020    .bss                usart.o
    0x2000024c   0x00000010   Zero   RW         1228    .bss                inv_mpu_dmp_motion_driver.o
    0x2000025c   0x00000004   PAD
    0x20000260   0x00000050   Zero   RW         1311    .bss                motor_pid.o
    0x200002b0   0x00000060   Zero   RW         1683    .bss                c_w.l(libspace.o)
    0x20000310   0x00000200   Zero   RW          228    HEAP                startup_stm32f40_41xxx.o
    0x20000510   0x00000400   Zero   RW          227    STACK               startup_stm32f40_41xxx.o


==============================================================================

Image component sizes


      Code (inc. data)   RO Data    RW Data    ZI Data      Debug   Object Name

       260          8          0          4          0       1485   delay.o
       600         22          0          0          0       2286   ds18b20.o
      8896        222        157         53          0      24637   inv_mpu.o
      3472        142       3062          0         16      15603   inv_mpu_dmp_motion_driver.o
       368         14          0          1          0       1214   key.o
       192         50          0          4        140      54227   main.o
       224         20          0          0          0     230993   misc.o
       556         18          0          0          0       2799   motor_control.o
      2240        154         20         12         80       4296   motor_pid.o
      1088         50          0          0          0       5017   mpu6050.o
       600         12          0          0          0       1916   myiic.o
      1258         22       2072        128          0       5025   oled.o
       492         18          0          0          0       1258   pwm.o
        64         26        392          0       1536        832   startup_stm32f40_41xxx.o
       660         44          0          0          0       4165   stm32f4xx_gpio.o
        26          0          0          0          0       1226   stm32f4xx_it.o
      1628         52          0         16          0      13044   stm32f4xx_rcc.o
      3234         60          0          0          0      23020   stm32f4xx_tim.o
      1108         34          0          0          0       7888   stm32f4xx_usart.o
       528         46          0         20          0       1787   system_stm32f4xx.o
       316         28          0          0          0       1868   timer.o
       328         16          0          6        200       3350   usart.o

    ----------------------------------------------------------------------
     28144       1058       5742        248       1976     407936   Object Totals
         0          0         32          0          0          0   (incl. Generated)
         6          0          7          4          4          0   (incl. Padding)

    ----------------------------------------------------------------------

      Code (inc. data)   RO Data    RW Data    ZI Data      Debug   Library Member Name

         8          0          0          0          0         68   __main.o
       312          4         17          0          0         92   __printf_flags_wp.o
        14          0          0          0          0         68   __printf_wp.o
         0          0          0          0          0          0   __rtentry.o
        12          0          0          0          0          0   __rtentry2.o
         6          0          0          0          0          0   __rtentry4.o
        52          8          0          0          0          0   __scatter.o
        26          0          0          0          0          0   __scatter_copy.o
        28          0          0          0          0          0   __scatter_zi.o
        48          6          0          0          0         96   _printf_char_common.o
        36          4          0          0          0         80   _printf_char_file.o
         6          0          0          0          0          0   _printf_d.o
       120         16          0          0          0         92   _printf_dec.o
         6          0          0          0          0          0   _printf_f.o
      1050          0          0          0          0        216   _printf_fp_dec.o
       128         16          0          0          0         84   _printf_fp_infnan.o
        88          4         40          0          0         88   _printf_hex_int.o
       178          0          0          0          0         88   _printf_intcommon.o
        78          0          0          0          0        108   _printf_pad.o
         0          0          0          0          0          0   _printf_percent.o
         4          0          0          0          0          0   _printf_percent_end.o
         6          0          0          0          0          0   _printf_x.o
        22          0          0          0          0        100   _rserrno.o
        10          0          0          0          0         68   _sputc.o
        16          0          0          0          0         68   aeabi_memset.o
       220          4        148          0          0         96   bigflt0.o
      1910        128          0          0          0        672   btod.o
        18          0          0          0          0         80   exit.o
         8          0          0          0          0         68   ferror.o
         6          0          0          0          0        152   heapauxi.o
        44         10         28          0          0         76   lc_numeric_c.o
         2          0          0          0          0          0   libinit.o
        22          0          0          0          0          0   libinit2.o
         2          0          0          0          0          0   libshutdown.o
         2          0          0          0          0          0   libshutdown2.o
         8          4          0          0         96         68   libspace.o
        72          0          0          0          0         76   llsdiv.o
       138          0          0          0          0         80   lludiv10.o
       238          0          0          0          0        100   lludivv7m.o
        88          0          0          0          0         76   memcmp.o
        24          4          0          0          0         84   noretval__2printf.o
        40          6          0          0          0         84   noretval__2sprintf.o
         8          4          0          0          0         68   rt_errno_addr_intlibspace.o
         8          4          0          0          0         68   rt_locale_intlibspace.o
        68          0          0          0          0         68   rt_memclr.o
        78          0          0          0          0         80   rt_memclr_w.o
       100          0          0          0          0         80   rt_memcpy_w.o
         2          0          0          0          0          0   rtexit.o
        10          0          0          0          0          0   rtexit2.o
       128          0          0          0          0         68   strcmpv7m.o
        74          0          0          0          0         80   sys_stackheap_outer.o
         2          0          0          0          0         68   use_no_semi.o
         2          0          0          0          0         68   use_no_semi_2.o
        24          0          0          0          0        164   basic.o
        98          4          0          0          0        140   d2f.o
       826         16          0          0          0        492   daddsub_clz.o
        24          0          0          0          0        116   dcmpi.o
       688        140          0          0          0        256   ddiv.o
        94          4          0          0          0        140   dfix.o
        84          0          0          0          0        232   dflt_clz.o
       120          4          0          0          0        140   dleqf.o
       340         12          0          0          0        152   dmul.o
       156          4          0          0          0        140   dnaninf.o
        12          0          0          0          0        116   dretinf.o
       108          0          0          0          0        128   drleqf.o
       408         56          0          0          0        168   dsqrt_umaal.o
        86          4          0          0          0        132   f2d.o
       140          4          0          0          0        132   fnaninf.o
        10          0          0          0          0        116   fpinit.o
        10          0          0          0          0        116   fretinf.o
         4          0          0          0          0        116   printf1.o
         0          0          0          0          0          0   usenofp.o
       864         94         80          0          0        280   asin.o
       744        106        152          0          0        352   atan.o
       496         64          0          0          0        192   atan2.o
       200         20          0          0          0        164   cos.o
       368         46         48          0          0        200   cos_i.o
       104         16          0          0          0        496   dunder.o
        24          0          0          0          0        124   fabs.o
        48          0          0          0          0        124   fpclassify.o
       248          0          0          0          0        152   poly.o
         0          0          8          0          0          0   qnan.o
      1080        142        200          0          0        188   rred.o
       200         20          0          0          0        164   sin.o
       304         24         40          0          0        208   sin_i.o
       110          0          0          0          0        148   sqrt.o

    ----------------------------------------------------------------------
     13622       1002        764          0         96       9464   Library Totals
        24          0          3          0          0          0   (incl. Padding)

    ----------------------------------------------------------------------

      Code (inc. data)   RO Data    RW Data    ZI Data      Debug   Library Name

      5576        222        233          0         96       3676   c_w.l
      3232        248          0          0          0       2996   fz_wm.l
      4790        532        528          0          0       2792   m_wm.l

    ----------------------------------------------------------------------
     13622       1002        764          0         96       9464   Library Totals

    ----------------------------------------------------------------------

==============================================================================


      Code (inc. data)   RO Data    RW Data    ZI Data      Debug   

     41766       2060       6506        248       2072     407820   Grand Totals
     41766       2060       6506        248       2072     407820   ELF Image Totals
     41766       2060       6506        248          0          0   ROM Totals

==============================================================================

    Total RO  Size (Code + RO Data)                48272 (  47.14kB)
    Total RW  Size (RW Data + ZI Data)              2320 (   2.27kB)
    Total ROM Size (Code + RO Data + RW Data)      48520 (  47.38kB)

==============================================================================

