<html>
<body>
<pre>
<h1>礦ision Build Log</h1>
<h2>Tool Versions:</h2>
IDE-Version: μVision V5.23.0.0
Copyright (C) 2017 ARM Ltd and ARM Germany GmbH. All rights reserved.
License Information: XY Zhang, zyx.im, LIC=D0DY8-3T8BQ-LCYJF-6NQ2V-N90MT-LZG3F
 
Tool Versions:
Toolchain:       MDK-ARM Plus  Version: 5.23
Toolchain Path:  D:\Program Files (x86)\Keil_v5\ARM\ARMCC\Bin
C Compiler:      Armcc.exe V5.06 update 4 (build 422)
Assembler:       Armasm.exe V5.06 update 4 (build 422)
Linker/Locator:  ArmLink.exe V5.06 update 4 (build 422)
Library Manager: ArmAr.exe V5.06 update 4 (build 422)
Hex Converter:   FromElf.exe V5.06 update 4 (build 422)
CPU DLL:         SARMCM3.DLL V5.23
Dialog DLL:      DCM.DLL V1.15.0.0
Target DLL:      STLink\ST-LINKIII-KEIL_SWO.dll V2.0.18.0
Dialog DLL:      TCM.DLL V1.27.0.0
 
<h2>Project:</h2>
E:\BaiduYun\F407\风力摆控制系统_TEAM7\USER\风力摆控制系统_TEAM7.uvprojx
Project File Date:  07/28/2017

<h2>Output:</h2>
*** Using Compiler 'V5.06 update 4 (build 422)', folder: 'D:\Program Files (x86)\Keil_v5\ARM\ARMCC\Bin'
Build target 'TEAM7_STM32'
compiling Motor_PID.c...
..\HARDWARE\Motor_PID.c(143): warning:  #1035-D: single-precision operand implicitly converted to double-precision
  	set_y=1.11*A*sin(Omega);
..\HARDWARE\Motor_PID.c(184): warning:  #1035-D: single-precision operand implicitly converted to double-precision
  	Ax=A*cos(Angle*0.017453);
..\HARDWARE\Motor_PID.c(185): warning:  #1035-D: single-precision operand implicitly converted to double-precision
  	Ay=A*sin(Angle*0.017453);
..\HARDWARE\Motor_PID.c(234): warning:  #177-D: variable "Phase_Backward"  was declared but never referenced
  	const float Phase_Backward=PI/2.0;					//逆时针
..\HARDWARE\Motor_PID.c: 4 warnings, 0 errors
linking...
Program Size: Code=41766 RO-data=6506 RW-data=248 ZI-data=2072  
FromELF: creating hex file...
"..\OBJ\Swing.axf" - 0 Error(s), 4 Warning(s).

<h2>Collection of Component include folders:</h2>
  .\RTE\_TEAM7_STM32
  D:\Program Files (x86)\Keil_v5\ARM\PACK\Keil\STM32F4xx_DFP\2.11.0\Drivers\CMSIS\Device\ST\STM32F4xx\Include

<h2>Collection of Component Files used:</h2>
Build Time Elapsed:  00:00:03
</pre>
</body>
</html>
